Component: Arm Compiler for Embedded 6.24 Tool: armlink [5f371500]

==============================================================================

Section Cross References

    board.o(.text.initClk) refers to fpu.o(i.FPUEnable) for FPUEnable
    board.o(.text.initClk) refers to fpu.o(i.FPULazyStackingEnable) for FPULazyStackingEnable
    board.o(.text.initClk) refers to sysctl.o(i.SysCtlClockSet) for SysCtlClockSet
    board.o(.ARM.exidx.text.initClk) refers to board.o(.text.initClk) for [Anonymous Symbol]
    board.o(.ARM.exidx.text.stopWDT) refers to board.o(.text.stopWDT) for [Anonymous Symbol]
    board.o(.text.registerInterruptHandler) refers to board.o(.bss.pIrqEventHandler) for pIrqEventHandler
    board.o(.ARM.exidx.text.registerInterruptHandler) refers to board.o(.text.registerInterruptHandler) for [Anonymous Symbol]
    board.o(.text.CC3100_disable) refers to gpio.o(i.GPIOPinWrite) for GPIOPinWrite
    board.o(.ARM.exidx.text.CC3100_disable) refers to board.o(.text.CC3100_disable) for [Anonymous Symbol]
    board.o(.text.CC3100_enable) refers to gpio.o(i.GPIOPinWrite) for GPIOPinWrite
    board.o(.ARM.exidx.text.CC3100_enable) refers to board.o(.text.CC3100_enable) for [Anonymous Symbol]
    board.o(.text.CC3100_InterruptEnable) refers to gpio.o(i.GPIOIntEnable) for GPIOIntEnable
    board.o(.ARM.exidx.text.CC3100_InterruptEnable) refers to board.o(.text.CC3100_InterruptEnable) for [Anonymous Symbol]
    board.o(.text.CC3100_InterruptDisable) refers to gpio.o(i.GPIOIntDisable) for GPIOIntDisable
    board.o(.ARM.exidx.text.CC3100_InterruptDisable) refers to board.o(.text.CC3100_InterruptDisable) for [Anonymous Symbol]
    board.o(.text.MaskIntHdlr) refers to board.o(.bss.IntIsMasked) for IntIsMasked
    board.o(.ARM.exidx.text.MaskIntHdlr) refers to board.o(.text.MaskIntHdlr) for [Anonymous Symbol]
    board.o(.text.UnMaskIntHdlr) refers to board.o(.bss.IntIsMasked) for IntIsMasked
    board.o(.ARM.exidx.text.UnMaskIntHdlr) refers to board.o(.text.UnMaskIntHdlr) for [Anonymous Symbol]
    board.o(.text.Delay) refers to sysctl.o(i.SysCtlClockGet) for SysCtlClockGet
    board.o(.text.Delay) refers to sysctl.o(.emb_text) for SysCtlDelay
    board.o(.ARM.exidx.text.Delay) refers to board.o(.text.Delay) for [Anonymous Symbol]
    board.o(.text.GPIOB_intHandler) refers to gpio.o(i.GPIOIntStatus) for GPIOIntStatus
    board.o(.text.GPIOB_intHandler) refers to gpio.o(i.GPIOIntClear) for GPIOIntClear
    board.o(.text.GPIOB_intHandler) refers to board.o(.bss.pIrqEventHandler) for pIrqEventHandler
    board.o(.ARM.exidx.text.GPIOB_intHandler) refers to board.o(.text.GPIOB_intHandler) for [Anonymous Symbol]
    board.o(.text.UART1_intHandler) refers to uart.o(.text.UARTIntStatus) for UARTIntStatus
    board.o(.text.UART1_intHandler) refers to uart.o(.text.UARTIntClear) for UARTIntClear
    board.o(.ARM.exidx.text.UART1_intHandler) refers to board.o(.text.UART1_intHandler) for [Anonymous Symbol]
    led.o(.ARM.exidx.text.LED_Init) refers to led.o(.text.LED_Init) for [Anonymous Symbol]
    led.o(.ARM.exidx.text.Board_Input) refers to led.o(.text.Board_Input) for [Anonymous Symbol]
    led.o(.ARM.exidx.text.LED_RedOn) refers to led.o(.text.LED_RedOn) for [Anonymous Symbol]
    led.o(.ARM.exidx.text.LED_RedOff) refers to led.o(.text.LED_RedOff) for [Anonymous Symbol]
    led.o(.ARM.exidx.text.LED_RedToggle) refers to led.o(.text.LED_RedToggle) for [Anonymous Symbol]
    led.o(.ARM.exidx.text.LED_BlueToggle) refers to led.o(.text.LED_BlueToggle) for [Anonymous Symbol]
    led.o(.ARM.exidx.text.LED_GreenToggle) refers to led.o(.text.LED_GreenToggle) for [Anonymous Symbol]
    led.o(.ARM.exidx.text.LED_GreenOn) refers to led.o(.text.LED_GreenOn) for [Anonymous Symbol]
    led.o(.ARM.exidx.text.LED_GreenOff) refers to led.o(.text.LED_GreenOff) for [Anonymous Symbol]
    device.o(.text.sl_Task) refers to nonos.o(.text._SlNonOsMainLoopTask) for _SlNonOsMainLoopTask
    device.o(.ARM.exidx.text.sl_Task) refers to device.o(.text.sl_Task) for [Anonymous Symbol]
    device.o(.ARM.exidx.text.GetStartResponseConvert) refers to device.o(.text.GetStartResponseConvert) for [Anonymous Symbol]
    device.o(.text.sl_Start) refers to driver.o(.text._SlDrvDriverCBInit) for _SlDrvDriverCBInit
    device.o(.text.sl_Start) refers to spi.o(.text.spi_Open) for spi_Open
    device.o(.text.sl_Start) refers to driver.o(.text._SlDrvWaitForPoolObj) for _SlDrvWaitForPoolObj
    device.o(.text.sl_Start) refers to nonos.o(.text._SlNonOsSemGet) for _SlNonOsSemGet
    device.o(.text.sl_Start) refers to device.o(.text.OUTLINED_FUNCTION_2) for OUTLINED_FUNCTION_2
    device.o(.text.sl_Start) refers to board.o(.text.CC3100_disable) for CC3100_disable
    device.o(.text.sl_Start) refers to board.o(.text.registerInterruptHandler) for registerInterruptHandler
    device.o(.text.sl_Start) refers to board.o(.text.CC3100_enable) for CC3100_enable
    device.o(.text.sl_Start) refers to driver.o(.text._SlDrvReleasePoolObj) for _SlDrvReleasePoolObj
[...]
    ../fplib/microlib/fpfix.c                0x00000000   Number         0  dfixul.o ABSOLUTE
    ../fplib/microlib/fpmul.c                0x00000000   Number         0  dmul.o ABSOLUTE
    LED.c                                    0x00000000   Number         0  led.o ABSOLUTE
    ST7735.c                                 0x00000000   Number         0  st7735.o ABSOLUTE
    board.c                                  0x00000000   Number         0  board.o ABSOLUTE
    cdrcmple.s                               0x00000000   Number         0  cdrcmple.o ABSOLUTE
    cpu.c                                    0x00000000   Number         0  cpu.o ABSOLUTE
    cpu.c                                    0x00000000   Number         0  cpu.o ABSOLUTE
    dc.s                                     0x00000000   Number         0  dc.o ABSOLUTE
    device.c                                 0x00000000   Number         0  device.o ABSOLUTE
    driver.c                                 0x00000000   Number         0  driver.o ABSOLUTE
    flowcont.c                               0x00000000   Number         0  flowcont.o ABSOLUTE
    fpu.c                                    0x00000000   Number         0  fpu.o ABSOLUTE
    fs.c                                     0x00000000   Number         0  fs.o ABSOLUTE
    gpio.c                                   0x00000000   Number         0  gpio.o ABSOLUTE
    handlers.s                               0x00000000   Number         0  handlers.o ABSOLUTE
    init.s                                   0x00000000   Number         0  init.o ABSOLUTE
    interrupt.c                              0x00000000   Number         0  interrupt.o ABSOLUTE
    main.c                                   0x00000000   Number         0  main.o ABSOLUTE
    netapp.c                                 0x00000000   Number         0  netapp.o ABSOLUTE
    netcfg.c                                 0x00000000   Number         0  netcfg.o ABSOLUTE
    nonos.c                                  0x00000000   Number         0  nonos.o ABSOLUTE
    socket.c                                 0x00000000   Number         0  socket.o ABSOLUTE
    spawn.c                                  0x00000000   Number         0  spawn.o ABSOLUTE
    spi.c                                    0x00000000   Number         0  spi.o ABSOLUTE
    ssi.c                                    0x00000000   Number         0  ssi.o ABSOLUTE
    startup_rvmdk.S                          0x00000000   Number         0  startup_rvmdk.o ABSOLUTE
    sysctl.c                                 0x00000000   Number         0  sysctl.o ABSOLUTE
    sysctl.c                                 0x00000000   Number         0  sysctl.o ABSOLUTE
    uart.c                                   0x00000000   Number         0  uart.o ABSOLUTE
    uartstdio.c                              0x00000000   Number         0  uartstdio.o ABSOLUTE
    ustdlib.c                                0x00000000   Number         0  ustdlib.o ABSOLUTE
    wlan.c                                   0x00000000   Number         0  wlan.o ABSOLUTE
    RESET                                    0x00000000   Section      648  startup_rvmdk.o(RESET)
    $v0                                      0x0000026c   Number         0  startup_rvmdk.o(RESET)
    NmiSR                                    0x00000281   Thumb Code     0  startup_rvmdk.o(RESET)
    FaultISR                                 0x00000283   Thumb Code     0  startup_rvmdk.o(RESET)
    IntDefaultHandler                        0x00000285   Thumb Code     0  startup_rvmdk.o(RESET)
    .ARM.Collect$$$$00000000                 0x00000288   Section        0  entry.o(.ARM.Collect$$$$00000000)
    .ARM.Collect$$$$00000001                 0x00000288   Section        4  entry2.o(.ARM.Collect$$$$00000001)
    .ARM.Collect$$$$00000004                 0x0000028c   Section        4  entry5.o(.ARM.Collect$$$$00000004)
    .ARM.Collect$$$$00000008                 0x00000290   Section        0  entry7b.o(.ARM.Collect$$$$00000008)
    .ARM.Collect$$$$0000000A                 0x00000290   Section        0  entry8b.o(.ARM.Collect$$$$0000000A)
    .ARM.Collect$$$$0000000B                 0x00000290   Section        8  entry9a.o(.ARM.Collect$$$$0000000B)
    __lit__00000000                          0x00000298   Data           4  entry2.o(.ARM.Collect$$$$00002712)
    .ARM.Collect$$$$0000000D                 0x00000298   Section        0  entry10a.o(.ARM.Collect$$$$0000000D)
    .ARM.Collect$$$$0000000F                 0x00000298   Section        0  entry11a.o(.ARM.Collect$$$$0000000F)
    .ARM.Collect$$$$00002712                 0x00000298   Section        4  entry2.o(.ARM.Collect$$$$00002712)
    $v0                                      0x0000029c   Number         0  sysctl.o(.emb_text)
    .emb_text                                0x0000029c   Section        6  sysctl.o(.emb_text)
    $v0                                      0x000002a4   Number         0  cpu.o(.emb_text)
    .emb_text                                0x000002a4   Section       38  cpu.o(.emb_text)
    .text                                    0x000002ca   Section        0  memcpya.o(.text)
    .text                                    0x000002ee   Section        0  memseta.o(.text)
    .text                                    0x00000312   Section        0  strlen.o(.text)
    .text                                    0x00000320   Section        0  strcpy.o(.text)
    .text                                    0x00000334   Section       48  init.o(.text)
    [Anonymous Symbol]                       0x00000364   Section        0  led.o(.text.Board_Input)
    __arm_cp.1_0                             0x00000378   Number         4  led.o(.text.Board_Input)
    [Anonymous Symbol]                       0x0000037c   Section        0  board.o(.text.CC3100_InterruptDisable)
    [Anonymous Symbol]                       0x00000384   Section        0  board.o(.text.CC3100_InterruptEnable)
    [Anonymous Symbol]                       0x0000038c   Section        0  board.o(.text.CC3100_disable)
    [Anonymous Symbol]                       0x00000398   Section        0  board.o(.text.CC3100_enable)
    __arm_cp.4_0                             0x000003a4   Number         4  board.o(.text.CC3100_enable)
    [Anonymous Symbol]                       0x000003a8   Section        0  main.o(.text.Crash)
    [Anonymous Symbol]                       0x000003b0   Section        0  board.o(.text.GPIOB_intHandler)
    __arm_cp.10_0                            0x000003dc   Number         4  board.o(.text.GPIOB_intHandler)
    __arm_cp.10_1                            0x000003e0   Number         4  board.o(.text.GPIOB_intHandler)
    [Anonymous Symbol]                       0x000003e4   Section        0  device.o(.text.GetStartResponseConvert)
    [Anonymous Symbol]                       0x00000428   Section        0  led.o(.text.LED_GreenOff)
    [Anonymous Symbol]                       0x00000430   Section        0  led.o(.text.LED_GreenOn)
    __arm_cp.7_0                             0x00000438   Number         4  led.o(.text.LED_GreenOn)
    [Anonymous Symbol]                       0x0000043c   Section        0  led.o(.text.LED_Init)
    __arm_cp.0_0                             0x00000478   Number         4  led.o(.text.LED_Init)
    __arm_cp.0_1                             0x0000047c   Number         4  led.o(.text.LED_Init)
    __arm_cp.0_2                             0x00000480   Number         4  led.o(.text.LED_Init)
    __arm_cp.0_3                             0x00000484   Number         4  led.o(.text.LED_Init)
    [Anonymous Symbol]                       0x00000488   Section        0  led.o(.text.LED_RedToggle)
    __arm_cp.4_0                             0x00000494   Number         4  led.o(.text.LED_RedToggle)
    OUTLINED_FUNCTION_0                      0x00000499   Thumb Code    40  device.o(.text.OUTLINED_FUNCTION_0)
    [Anonymous Symbol]                       0x00000498   Section        0  device.o(.text.OUTLINED_FUNCTION_0)
    OUTLINED_FUNCTION_0                      0x000004c1   Thumb Code    28  driver.o(.text.OUTLINED_FUNCTION_0)
    [Anonymous Symbol]                       0x000004c0   Section        0  driver.o(.text.OUTLINED_FUNCTION_0)
    OUTLINED_FUNCTION_0                      0x000004dd   Thumb Code    20  netapp.o(.text.OUTLINED_FUNCTION_0)
    [Anonymous Symbol]                       0x000004dc   Section        0  netapp.o(.text.OUTLINED_FUNCTION_0)
    OUTLINED_FUNCTION_0                      0x000004f1   Thumb Code    14  socket.o(.text.OUTLINED_FUNCTION_0)
    [Anonymous Symbol]                       0x000004f0   Section        0  socket.o(.text.OUTLINED_FUNCTION_0)
    OUTLINED_FUNCTION_0                      0x000004ff   Thumb Code     8  spi.o(.text.OUTLINED_FUNCTION_0)
    [Anonymous Symbol]                       0x000004fe   Section        0  spi.o(.text.OUTLINED_FUNCTION_0)
    OUTLINED_FUNCTION_0                      0x00000507   Thumb Code     6  wlan.o(.text.OUTLINED_FUNCTION_0)
    [Anonymous Symbol]                       0x00000506   Section        0  wlan.o(.text.OUTLINED_FUNCTION_0)
    OUTLINED_FUNCTION_0                      0x0000050d   Thumb Code    14  uartstdio.o(.text.OUTLINED_FUNCTION_0)
    [Anonymous Symbol]                       0x0000050c   Section        0  uartstdio.o(.text.OUTLINED_FUNCTION_0)
    OUTLINED_FUNCTION_0                      0x0000051b   Thumb Code    10  main.o(.text.OUTLINED_FUNCTION_0)
    [Anonymous Symbol]                       0x0000051a   Section        0  main.o(.text.OUTLINED_FUNCTION_0)
    OUTLINED_FUNCTION_1                      0x00000525   Thumb Code    16  device.o(.text.OUTLINED_FUNCTION_1)
    [Anonymous Symbol]                       0x00000524   Section        0  device.o(.text.OUTLINED_FUNCTION_1)
    OUTLINED_FUNCTION_1                      0x00000535   Thumb Code    12  driver.o(.text.OUTLINED_FUNCTION_1)
    [Anonymous Symbol]                       0x00000534   Section        0  driver.o(.text.OUTLINED_FUNCTION_1)
    OUTLINED_FUNCTION_1                      0x00000541   Thumb Code    14  netapp.o(.text.OUTLINED_FUNCTION_1)
    [Anonymous Symbol]                       0x00000540   Section        0  netapp.o(.text.OUTLINED_FUNCTION_1)
    OUTLINED_FUNCTION_1                      0x0000054f   Thumb Code    22  socket.o(.text.OUTLINED_FUNCTION_1)
    [Anonymous Symbol]                       0x0000054e   Section        0  socket.o(.text.OUTLINED_FUNCTION_1)
    OUTLINED_FUNCTION_10                     0x00000565   Thumb Code    16  driver.o(.text.OUTLINED_FUNCTION_10)
    [Anonymous Symbol]                       0x00000564   Section        0  driver.o(.text.OUTLINED_FUNCTION_10)
    OUTLINED_FUNCTION_11                     0x00000575   Thumb Code    22  driver.o(.text.OUTLINED_FUNCTION_11)
    [Anonymous Symbol]                       0x00000574   Section        0  driver.o(.text.OUTLINED_FUNCTION_11)
    OUTLINED_FUNCTION_12                     0x0000058b   Thumb Code     8  driver.o(.text.OUTLINED_FUNCTION_12)
    [Anonymous Symbol]                       0x0000058a   Section        0  driver.o(.text.OUTLINED_FUNCTION_12)
    OUTLINED_FUNCTION_13                     0x00000593   Thumb Code    14  driver.o(.text.OUTLINED_FUNCTION_13)
    [Anonymous Symbol]                       0x00000592   Section        0  driver.o(.text.OUTLINED_FUNCTION_13)
    OUTLINED_FUNCTION_14                     0x000005a1   Thumb Code     8  driver.o(.text.OUTLINED_FUNCTION_14)
    [Anonymous Symbol]                       0x000005a0   Section        0  driver.o(.text.OUTLINED_FUNCTION_14)
    OUTLINED_FUNCTION_15                     0x000005a9   Thumb Code     8  driver.o(.text.OUTLINED_FUNCTION_15)
    [Anonymous Symbol]                       0x000005a8   Section        0  driver.o(.text.OUTLINED_FUNCTION_15)
    OUTLINED_FUNCTION_16                     0x000005b1   Thumb Code    12  driver.o(.text.OUTLINED_FUNCTION_16)
    [Anonymous Symbol]                       0x000005b0   Section        0  driver.o(.text.OUTLINED_FUNCTION_16)
    OUTLINED_FUNCTION_17                     0x000005bd   Thumb Code    10  driver.o(.text.OUTLINED_FUNCTION_17)
    [Anonymous Symbol]                       0x000005bc   Section        0  driver.o(.text.OUTLINED_FUNCTION_17)
    OUTLINED_FUNCTION_18                     0x000005c7   Thumb Code    14  driver.o(.text.OUTLINED_FUNCTION_18)
    [Anonymous Symbol]                       0x000005c6   Section        0  driver.o(.text.OUTLINED_FUNCTION_18)
    OUTLINED_FUNCTION_19                     0x000005d5   Thumb Code    14  driver.o(.text.OUTLINED_FUNCTION_19)
    [Anonymous Symbol]                       0x000005d4   Section        0  driver.o(.text.OUTLINED_FUNCTION_19)
    OUTLINED_FUNCTION_2                      0x000005e3   Thumb Code    16  device.o(.text.OUTLINED_FUNCTION_2)
    [Anonymous Symbol]                       0x000005e2   Section        0  device.o(.text.OUTLINED_FUNCTION_2)
    OUTLINED_FUNCTION_2                      0x000005f3   Thumb Code    28  driver.o(.text.OUTLINED_FUNCTION_2)
    [Anonymous Symbol]                       0x000005f2   Section        0  driver.o(.text.OUTLINED_FUNCTION_2)
    OUTLINED_FUNCTION_2                      0x0000060f   Thumb Code    10  socket.o(.text.OUTLINED_FUNCTION_2)
    [Anonymous Symbol]                       0x0000060e   Section        0  socket.o(.text.OUTLINED_FUNCTION_2)
    OUTLINED_FUNCTION_3                      0x00000619   Thumb Code    10  device.o(.text.OUTLINED_FUNCTION_3)
    [Anonymous Symbol]                       0x00000618   Section        0  device.o(.text.OUTLINED_FUNCTION_3)
    OUTLINED_FUNCTION_3                      0x00000623   Thumb Code     8  driver.o(.text.OUTLINED_FUNCTION_3)
    [Anonymous Symbol]                       0x00000622   Section        0  driver.o(.text.OUTLINED_FUNCTION_3)
    OUTLINED_FUNCTION_3                      0x0000062b   Thumb Code     6  socket.o(.text.OUTLINED_FUNCTION_3)
    [Anonymous Symbol]                       0x0000062a   Section        0  socket.o(.text.OUTLINED_FUNCTION_3)
    OUTLINED_FUNCTION_4                      0x00000631   Thumb Code     8  driver.o(.text.OUTLINED_FUNCTION_4)
    [Anonymous Symbol]                       0x00000630   Section        0  driver.o(.text.OUTLINED_FUNCTION_4)
    OUTLINED_FUNCTION_4                      0x00000639   Thumb Code    10  socket.o(.text.OUTLINED_FUNCTION_4)
    [Anonymous Symbol]                       0x00000638   Section        0  socket.o(.text.OUTLINED_FUNCTION_4)
    OUTLINED_FUNCTION_5                      0x00000643   Thumb Code    24  driver.o(.text.OUTLINED_FUNCTION_5)
    [Anonymous Symbol]                       0x00000642   Section        0  driver.o(.text.OUTLINED_FUNCTION_5)
    OUTLINED_FUNCTION_6                      0x0000065b   Thumb Code    10  driver.o(.text.OUTLINED_FUNCTION_6)
    [Anonymous Symbol]                       0x0000065a   Section        0  driver.o(.text.OUTLINED_FUNCTION_6)
    OUTLINED_FUNCTION_7                      0x00000665   Thumb Code    10  driver.o(.text.OUTLINED_FUNCTION_7)
    [Anonymous Symbol]                       0x00000664   Section        0  driver.o(.text.OUTLINED_FUNCTION_7)
    OUTLINED_FUNCTION_8                      0x0000066f   Thumb Code    16  driver.o(.text.OUTLINED_FUNCTION_8)
    [Anonymous Symbol]                       0x0000066e   Section        0  driver.o(.text.OUTLINED_FUNCTION_8)
    OUTLINED_FUNCTION_9                      0x0000067f   Thumb Code     6  driver.o(.text.OUTLINED_FUNCTION_9)
    [Anonymous Symbol]                       0x0000067e   Section        0  driver.o(.text.OUTLINED_FUNCTION_9)
    [Anonymous Symbol]                       0x00000684   Section        0  main.o(.text.SimpleLinkHttpServerCallback)
    [Anonymous Symbol]                       0x000006b0   Section        0  main.o(.text.SimpleLinkNetAppEventHandler)
    [Anonymous Symbol]                       0x000006ec   Section        0  main.o(.text.SimpleLinkWlanEventHandler)
    __arm_cp.7_0                             0x00000724   Number         4  main.o(.text.SimpleLinkWlanEventHandler)
    __arm_cp.7_3                             0x0000079c   Number         4  main.o(.text.SimpleLinkWlanEventHandler)
    [Anonymous Symbol]                       0x000007a0   Section        0  main.o(.text.UART0_InChar)
    [Anonymous Symbol]                       0x000007b0   Section        0  main.o(.text.UART0_InString)
    __arm_cp.3_0                             0x0000081c   Number         4  main.o(.text.UART0_InString)
    UARTPrimeTransmit                        0x00000821   Thumb Code   100  uartstdio.o(.text.UARTPrimeTransmit)
    [Anonymous Symbol]                       0x00000820   Section        0  uartstdio.o(.text.UARTPrimeTransmit)
    __arm_cp.4_1                             0x00000884   Number         4  uartstdio.o(.text.UARTPrimeTransmit)
    [Anonymous Symbol]                       0x00000888   Section        0  uartstdio.o(.text.UARTStdioIntHandler)
    __arm_cp.14_0                            0x0000098c   Number         4  uartstdio.o(.text.UARTStdioIntHandler)
    __arm_cp.14_1                            0x00000990   Number         4  uartstdio.o(.text.UARTStdioIntHandler)
    __arm_cp.14_4                            0x0000099c   Number         4  uartstdio.o(.text.UARTStdioIntHandler)
    [Anonymous Symbol]                       0x000009a0   Section        0  main.o(.text.UART_Init)
    __arm_cp.0_0                             0x000009f8   Number         4  main.o(.text.UART_Init)
    __arm_cp.0_1                             0x000009fc   Number         4  main.o(.text.UART_Init)
    __arm_cp.0_2                             0x00000a00   Number         4  main.o(.text.UART_Init)
    [Anonymous Symbol]                       0x00000a04   Section        0  main.o(.text.UART_OutString)
    __arm_cp.1_0                             0x00000a18   Number         4  main.o(.text.UART_OutString)
    [Anonymous Symbol]                       0x00000a1c   Section        0  uartstdio.o(.text.UARTwrite)
    __arm_cp.3_0                             0x00000a80   Number         4  uartstdio.o(.text.UARTwrite)
    __arm_cp.3_1                             0x00000a84   Number         4  uartstdio.o(.text.UARTwrite)
    __arm_cp.3_2                             0x00000a88   Number         4  uartstdio.o(.text.UARTwrite)
    [Anonymous Symbol]                       0x00000a8c   Section        0  driver.o(.text._SlAsyncEventGenericHandler)
    [Anonymous Symbol]                       0x00000ca4   Section        0  driver.o(.text._SlDrvBasicCmd)
    [Anonymous Symbol]                       0x00000cc8   Section        0  driver.o(.text._SlDrvClassifyRxMsg)
    __arm_cp.16_1                            0x00000d3c   Number         4  driver.o(.text._SlDrvClassifyRxMsg)
    __arm_cp.16_2                            0x00000d40   Number         4  driver.o(.text._SlDrvClassifyRxMsg)
    __arm_cp.16_3                            0x00000d44   Number         4  driver.o(.text._SlDrvClassifyRxMsg)
    __arm_cp.16_4                            0x00000d48   Number         4  driver.o(.text._SlDrvClassifyRxMsg)
    [Anonymous Symbol]                       0x00000d4c   Section        0  driver.o(.text._SlDrvCmdOp)
    [Anonymous Symbol]                       0x00000d84   Section        0  driver.o(.text._SlDrvCmdSend)
    __arm_cp.9_0                             0x00000da0   Number         4  driver.o(.text._SlDrvCmdSend)
    [Anonymous Symbol]                       0x00000da4   Section        0  driver.o(.text._SlDrvDataReadOp)
    __arm_cp.10_0                            0x00000eb8   Number         4  driver.o(.text._SlDrvDataReadOp)
    [Anonymous Symbol]                       0x00000ebc   Section        0  driver.o(.text._SlDrvDataWriteOp)
    [Anonymous Symbol]                       0x00000fa8   Section        0  device.o(.text._SlDrvDeviceEventHandler)
    [Anonymous Symbol]                       0x00000fc4   Section        0  driver.o(.text._SlDrvDriverCBDeinit)
    [Anonymous Symbol]                       0x00001028   Section        0  driver.o(.text._SlDrvDriverCBInit)
    __arm_cp.0_1                             0x0000109c   Number         4  driver.o(.text._SlDrvDriverCBInit)
    [Anonymous Symbol]                       0x000010a0   Section        0  flowcont.o(.text._SlDrvFlowContDeinit)
    [Anonymous Symbol]                       0x000010c8   Section        0  flowcont.o(.text._SlDrvFlowContInit)
    __arm_cp.0_0                             0x000010f0   Number         4  flowcont.o(.text._SlDrvFlowContInit)
    [Anonymous Symbol]                       0x000010f4   Section        0  driver.o(.text._SlDrvMsgRead)
    __arm_cp.14_0                            0x000013fc   Number         4  driver.o(.text._SlDrvMsgRead)
    __arm_cp.14_1                            0x00001400   Number         4  driver.o(.text._SlDrvMsgRead)
    [Anonymous Symbol]                       0x00001404   Section        0  driver.o(.text._SlDrvMsgReadCmdCtx)
    __arm_cp.8_0                             0x00001494   Number         4  driver.o(.text._SlDrvMsgReadCmdCtx)
    __arm_cp.8_1                             0x00001498   Number         4  driver.o(.text._SlDrvMsgReadCmdCtx)
    [Anonymous Symbol]                       0x0000149c   Section        0  driver.o(.text._SlDrvMsgReadSpawnCtx)
    __arm_cp.5_0                             0x00001514   Number         4  driver.o(.text._SlDrvMsgReadSpawnCtx)
    [Anonymous Symbol]                       0x00001518   Section        0  driver.o(.text._SlDrvMsgWrite)
    __arm_cp.7_1                             0x000015e8   Number         4  driver.o(.text._SlDrvMsgWrite)
    [Anonymous Symbol]                       0x000015ec   Section        0  netapp.o(.text._SlDrvNetAppEventHandler)
    [Anonymous Symbol]                       0x000016bc   Section        0  driver.o(.text._SlDrvObjInit)
    [Anonymous Symbol]                       0x000016f0   Section        0  driver.o(.text._SlDrvReleasePoolObj)
    __arm_cp.12_0                            0x000017cc   Number         4  driver.o(.text._SlDrvReleasePoolObj)
    [Anonymous Symbol]                       0x000017d0   Section        0  driver.o(.text._SlDrvRxHdrRead)
    __arm_cp.15_0                            0x000018e8   Number         4  driver.o(.text._SlDrvRxHdrRead)
    __arm_cp.15_1                            0x000018ec   Number         4  driver.o(.text._SlDrvRxHdrRead)
    __arm_cp.15_2                            0x000018f0   Number         4  driver.o(.text._SlDrvRxHdrRead)
    __arm_cp.15_3                            0x000018f4   Number         4  driver.o(.text._SlDrvRxHdrRead)
    [Anonymous Symbol]                       0x000018f8   Section        0  driver.o(.text._SlDrvRxIrqHandler)
    __arm_cp.4_1                             0x0000192c   Number         4  driver.o(.text._SlDrvRxIrqHandler)
    [Anonymous Symbol]                       0x00001930   Section        0  driver.o(.text._SlDrvShiftDWord)
    [Anonymous Symbol]                       0x00001948   Section        0  driver.o(.text._SlDrvWaitForPoolObj)
    __arm_cp.11_0                            0x00001a24   Number         4  driver.o(.text._SlDrvWaitForPoolObj)
    [Anonymous Symbol]                       0x00001a28   Section        0  driver.o(.text._SlFindAndSetActiveObj)
    __arm_cp.17_1                            0x00001ab8   Number         4  driver.o(.text._SlFindAndSetActiveObj)
    __arm_cp.17_2                            0x00001abc   Number         4  driver.o(.text._SlFindAndSetActiveObj)
    [Anonymous Symbol]                       0x00001ac0   Section        0  nonos.o(.text._SlNonOsMainLoopTask)
    [Anonymous Symbol]                       0x00001af8   Section        0  nonos.o(.text._SlNonOsSemGet)
    [Anonymous Symbol]                       0x00001b28   Section        0  nonos.o(.text._SlNonOsSemSet)
    [Anonymous Symbol]                       0x00001b30   Section        0  nonos.o(.text._SlNonOsSpawn)
    __arm_cp.3_0                             0x00001b4c   Number         4  nonos.o(.text._SlNonOsSpawn)
    [Anonymous Symbol]                       0x00001b50   Section        0  driver.o(.text._SlRemoveFromList)
    __arm_cp.21_0                            0x00001b90   Number         4  driver.o(.text._SlRemoveFromList)
    [Anonymous Symbol]                       0x00001b94   Section        0  socket.o(.text._sl_BuildAddress)
    [Anonymous Symbol]                       0x00001bbc   Section        0  socket.o(.text._sl_HandleAsync_Accept)
    [Anonymous Symbol]                       0x00001c04   Section        0  socket.o(.text._sl_HandleAsync_Connect)
    [Anonymous Symbol]                       0x00001c4c   Section        0  netapp.o(.text._sl_HandleAsync_DnsGetHostByName)
    __arm_cp.10_0                            0x00001ca4   Number         4  netapp.o(.text._sl_HandleAsync_DnsGetHostByName)
    [Anonymous Symbol]                       0x00001ca8   Section        0  netapp.o(.text._sl_HandleAsync_DnsGetHostByService)
    __arm_cp.7_0                             0x00001cfc   Number         4  netapp.o(.text._sl_HandleAsync_DnsGetHostByService)
    [Anonymous Symbol]                       0x00001d00   Section        0  device.o(.text._sl_HandleAsync_InitComplete)
    __arm_cp.3_0                             0x00001d40   Number         4  device.o(.text._sl_HandleAsync_InitComplete)
    [Anonymous Symbol]                       0x00001d44   Section        0  netapp.o(.text._sl_HandleAsync_PingResponse)
    __arm_cp.12_0                            0x00001db0   Number         4  netapp.o(.text._sl_HandleAsync_PingResponse)
    [Anonymous Symbol]                       0x00001db4   Section        0  socket.o(.text._sl_HandleAsync_Select)
    [Anonymous Symbol]                       0x00001dec   Section        0  device.o(.text._sl_HandleAsync_Stop)
    __arm_cp.4_0                             0x00001e0c   Number         4  device.o(.text._sl_HandleAsync_Stop)
    [Anonymous Symbol]                       0x00001e10   Section        0  socket.o(.text._sl_TruncatePayloadByProtocol)
    [Anonymous Symbol]                       0x00001e58   Section        0  main.o(.text.clear_buffer)
    [Anonymous Symbol]                       0x00001e68   Section        0  board.o(.text.initClk)
    __arm_cp.0_0                             0x00001e7c   Number         4  board.o(.text.initClk)
    [Anonymous Symbol]                       0x00001e80   Section        0  main.o(.text.main)
    __arm_cp.5_1                             0x000021ec   Number         4  main.o(.text.main)
    __arm_cp.5_2                             0x000021f0   Number         4  main.o(.text.main)
    __arm_cp.5_3                             0x000021f4   Number         4  main.o(.text.main)
    __arm_cp.5_8                             0x00002230   Number         4  main.o(.text.main)
    __arm_cp.5_10                            0x00002240   Number         4  main.o(.text.main)
    __arm_cp.5_11                            0x00002244   Number         4  main.o(.text.main)
    __arm_cp.5_12                            0x00002248   Number         4  main.o(.text.main)
    __arm_cp.5_13                            0x0000224c   Number         4  main.o(.text.main)
    __arm_cp.5_14                            0x00002250   Number         4  main.o(.text.main)
    __arm_cp.5_16                            0x0000225c   Number         4  main.o(.text.main)
    __arm_cp.5_18                            0x00002270   Number         4  main.o(.text.main)
    __arm_cp.5_19                            0x00002274   Number         4  main.o(.text.main)
    __arm_cp.5_20                            0x00002278   Number         4  main.o(.text.main)
    __arm_cp.5_22                            0x00002284   Number         4  main.o(.text.main)
    [Anonymous Symbol]                       0x0000228c   Section        0  board.o(.text.registerInterruptHandler)
    __arm_cp.2_0                             0x00002294   Number         4  board.o(.text.registerInterruptHandler)
    [Anonymous Symbol]                       0x00002298   Section        0  socket.o(.text.sl_Close)
    __arm_cp.4_0                             0x000022b0   Number         4  socket.o(.text.sl_Close)
    [Anonymous Symbol]                       0x000022b4   Section        0  socket.o(.text.sl_Connect)
    [Anonymous Symbol]                       0x00002390   Section        0  device.o(.text.sl_DevGet)
    __arm_cp.8_0                             0x000023f4   Number         4  device.o(.text.sl_DevGet)
    __arm_cp.8_1                             0x000023f8   Number         4  device.o(.text.sl_DevGet)
    [Anonymous Symbol]                       0x000023fc   Section        0  socket.o(.text.sl_Htonl)
    [Anonymous Symbol]                       0x00002400   Section        0  socket.o(.text.sl_Htons)
    [Anonymous Symbol]                       0x00002404   Section        0  netapp.o(.text.sl_NetAppDnsGetHostByName)
    __arm_cp.9_0                             0x000024d4   Number         4  netapp.o(.text.sl_NetAppDnsGetHostByName)
    __arm_cp.9_1                             0x000024d8   Number         4  netapp.o(.text.sl_NetAppDnsGetHostByName)
    __arm_cp.9_2                             0x000024dc   Number         4  netapp.o(.text.sl_NetAppDnsGetHostByName)
    [Anonymous Symbol]                       0x000024e0   Section        0  netapp.o(.text.sl_NetAppMDNSRegisterUnregisterService)
    __arm_cp.3_0                             0x00002558   Number         4  netapp.o(.text.sl_NetAppMDNSRegisterUnregisterService)
    [Anonymous Symbol]                       0x0000255c   Section        0  netapp.o(.text.sl_NetAppMDNSUnRegisterService)
    [Anonymous Symbol]                       0x00002570   Section        0  netapp.o(.text.sl_NetAppSendTokenValue)
    __arm_cp.15_0                            0x000025b8   Number         4  netapp.o(.text.sl_NetAppSendTokenValue)
    [Anonymous Symbol]                       0x000025bc   Section        0  netcfg.o(.text.sl_NetCfgSet)
    __arm_cp.0_0                             0x000025f4   Number         4  netcfg.o(.text.sl_NetCfgSet)
    [Anonymous Symbol]                       0x000025f8   Section        0  socket.o(.text.sl_Recv)
    __arm_cp.16_0                            0x00002634   Number         4  socket.o(.text.sl_Recv)
    [Anonymous Symbol]                       0x00002638   Section        0  socket.o(.text.sl_Send)
    __arm_cp.10_0                            0x000026cc   Number         4  socket.o(.text.sl_Send)
    __arm_cp.10_1                            0x000026d0   Number         4  socket.o(.text.sl_Send)
    [Anonymous Symbol]                       0x000026d4   Section        0  socket.o(.text.sl_Socket)
    __arm_cp.3_0                             0x00002700   Number         4  socket.o(.text.sl_Socket)
    [Anonymous Symbol]                       0x00002704   Section        0  device.o(.text.sl_Start)
    __arm_cp.2_0                             0x000027a0   Number         4  device.o(.text.sl_Start)
    __arm_cp.2_1                             0x000027a4   Number         4  device.o(.text.sl_Start)
    __arm_cp.2_2                             0x000027a8   Number         4  device.o(.text.sl_Start)
    [Anonymous Symbol]                       0x000027ac   Section        0  device.o(.text.sl_Stop)
    __arm_cp.5_0                             0x0000285c   Number         4  device.o(.text.sl_Stop)
    __arm_cp.5_1                             0x00002860   Number         4  device.o(.text.sl_Stop)
    __arm_cp.5_2                             0x00002864   Number         4  device.o(.text.sl_Stop)
    [Anonymous Symbol]                       0x00002868   Section        0  wlan.o(.text.sl_WlanConnect)
    __arm_cp.0_0                             0x000029e8   Number         4  wlan.o(.text.sl_WlanConnect)
    [Anonymous Symbol]                       0x000029ec   Section        0  wlan.o(.text.sl_WlanDisconnect)
    [Anonymous Symbol]                       0x000029f4   Section        0  wlan.o(.text.sl_WlanPolicySet)
    __arm_cp.2_0                             0x00002a28   Number         4  wlan.o(.text.sl_WlanPolicySet)
    [Anonymous Symbol]                       0x00002a2c   Section        0  wlan.o(.text.sl_WlanProfileDel)
    __arm_cp.6_0                             0x00002a44   Number         4  wlan.o(.text.sl_WlanProfileDel)
    [Anonymous Symbol]                       0x00002a48   Section        0  wlan.o(.text.sl_WlanSet)
    __arm_cp.17_0                            0x00002a80   Number         4  wlan.o(.text.sl_WlanSet)
    [Anonymous Symbol]                       0x00002a84   Section        0  wlan.o(.text.sl_WlanSetMode)
    __arm_cp.16_0                            0x00002a9c   Number         4  wlan.o(.text.sl_WlanSetMode)
    [Anonymous Symbol]                       0x00002aa0   Section        0  spi.o(.text.spi_Close)
    [Anonymous Symbol]                       0x00002aac   Section        0  spi.o(.text.spi_Open)
    __arm_cp.1_0                             0x00002b70   Number         4  spi.o(.text.spi_Open)
    __arm_cp.1_1                             0x00002b74   Number         4  spi.o(.text.spi_Open)
    __arm_cp.1_2                             0x00002b78   Number         4  spi.o(.text.spi_Open)
    __arm_cp.1_3                             0x00002b7c   Number         4  spi.o(.text.spi_Open)
    __arm_cp.1_4                             0x00002b80   Number         4  spi.o(.text.spi_Open)
    __arm_cp.1_5                             0x00002b84   Number         4  spi.o(.text.spi_Open)
    __arm_cp.1_6                             0x00002b88   Number         4  spi.o(.text.spi_Open)
    [Anonymous Symbol]                       0x00002b8c   Section        0  spi.o(.text.spi_Read)
    [Anonymous Symbol]                       0x00002bd8   Section        0  spi.o(.text.spi_Write)
    __arm_cp.2_0                             0x00002c20   Number         4  spi.o(.text.spi_Write)
    i.FPUEnable                              0x00002c24   Section        0  fpu.o(i.FPUEnable)
    i.FPULazyStackingEnable                  0x00002c34   Section        0  fpu.o(i.FPULazyStackingEnable)
    i.GPIODirModeSet                         0x00002c44   Section        0  gpio.o(i.GPIODirModeSet)
    i.GPIOIntClear                           0x00002c6c   Section        0  gpio.o(i.GPIOIntClear)
    i.GPIOIntDisable                         0x00002c72   Section        0  gpio.o(i.GPIOIntDisable)
    i.GPIOIntEnable                          0x00002c80   Section        0  gpio.o(i.GPIOIntEnable)
    i.GPIOIntStatus                          0x00002c8e   Section        0  gpio.o(i.GPIOIntStatus)
    i.GPIOIntTypeSet                         0x00002c9c   Section        0  gpio.o(i.GPIOIntTypeSet)
    i.GPIOPadConfigSet                       0x00002cec   Section        0  gpio.o(i.GPIOPadConfigSet)
    i.GPIOPinConfigure                       0x00002e28   Section        0  gpio.o(i.GPIOPinConfigure)
    i.GPIOPinTypeGPIOInput                   0x00002e70   Section        0  gpio.o(i.GPIOPinTypeGPIOInput)
    i.GPIOPinTypeGPIOOutput                  0x00002e8c   Section        0  gpio.o(i.GPIOPinTypeGPIOOutput)
    i.GPIOPinTypeSSI                         0x00002ea8   Section        0  gpio.o(i.GPIOPinTypeSSI)
    i.GPIOPinWrite                           0x00002ec4   Section        0  gpio.o(i.GPIOPinWrite)
    i.IntEnable                              0x00002ecc   Section        0  interrupt.o(i.IntEnable)
    i.IntMasterEnable                        0x00002f30   Section        0  interrupt.o(i.IntMasterEnable)
    i.SSIConfigSetExpClk                     0x00002f3e   Section        0  ssi.o(i.SSIConfigSetExpClk)
    i.SSIDataGetNonBlocking                  0x00002f88   Section        0  ssi.o(i.SSIDataGetNonBlocking)
    i.SSIDataPutNonBlocking                  0x00002f9c   Section        0  ssi.o(i.SSIDataPutNonBlocking)
    i.SSIEnable                              0x00002fac   Section        0  ssi.o(i.SSIEnable)
    i.SysCtlClockGet                         0x00002fb8   Section        0  sysctl.o(i.SysCtlClockGet)
    i.SysCtlClockSet                         0x0000311c   Section        0  sysctl.o(i.SysCtlClockSet)
    i.SysCtlPeripheralEnable                 0x0000323c   Section        0  sysctl.o(i.SysCtlPeripheralEnable)
    i.__0sprintf$2                           0x00003264   Section        0  printf2.o(i.__0sprintf$2)
    i.__scatterload_copy                     0x0000328c   Section       14  handlers.o(i.__scatterload_copy)
    i.__scatterload_null                     0x0000329a   Section        2  handlers.o(i.__scatterload_null)
    i.__scatterload_zeroinit                 0x0000329c   Section       14  handlers.o(i.__scatterload_zeroinit)
    _printf_core                             0x000032ab   Thumb Code   214  printf2.o(i._printf_core)
    i._printf_core                           0x000032aa   Section        0  printf2.o(i._printf_core)
    _sputc                                   0x00003381   Thumb Code    10  printf2.o(i._sputc)
    i._sputc                                 0x00003380   Section        0  printf2.o(i._sputc)
    g_ppui32GPIOIntMapBlizzard               0x0000338c   Data         192  gpio.o(.constdata)
    .constdata                               0x0000338c   Section      528  gpio.o(.constdata)
    g_ppui32GPIOIntMapSnowflake              0x0000344c   Data         192  gpio.o(.constdata)
    g_pui32GPIOBaseAddrs                     0x0000350c   Data         144  gpio.o(.constdata)
    g_pui32Priority                          0x0000359c   Data          32  interrupt.o(.constdata)
    .constdata                               0x0000359c   Section      268  interrupt.o(.constdata)
    g_pui32Regs                              0x000035bc   Data         156  interrupt.o(.constdata)
    g_pui32EnRegs                            0x00003658   Data          20  interrupt.o(.constdata)
    g_pui32Dii16Regs                         0x0000366c   Data          20  interrupt.o(.constdata)
    g_pui32PendRegs                          0x00003680   Data          20  interrupt.o(.constdata)
    g_pui32UnpendRegs                        0x00003694   Data          20  interrupt.o(.constdata)
    g_pui32VCOFrequencies                    0x000036a8   Data           8  sysctl.o(.constdata)
    .constdata                               0x000036a8   Section      452  sysctl.o(.constdata)
    g_pui32Xtals                             0x000036b0   Data         108  sysctl.o(.constdata)
    g_pppui32XTALtoVCO                       0x0000371c   Data         288  sysctl.o(.constdata)
    g_sXTALtoMEMTIM                          0x0000383c   Data          48  sysctl.o(.constdata)
    g_ui32UARTInt                            0x000039a8   Data          12  uartstdio.o(.rodata.g_ui32UARTInt)
    [Anonymous Symbol]                       0x000039a8   Section        0  uartstdio.o(.rodata.g_ui32UARTInt)
    [Anonymous Symbol]                       0x000039b4   Section        0  main.o(.rodata.str1.1)
    g_bDisableEcho                           0x20000000   Data           1  uartstdio.o(.bss..L_MergedGlobals)
    [Anonymous Symbol]                       0x20000000   Section        0  uartstdio.o(.bss..L_MergedGlobals)
    UARTStdioIntHandler.bLastWasCR           0x20000001   Data           1  uartstdio.o(.bss..L_MergedGlobals)
    g_ui32Base                               0x20000004   Data           4  uartstdio.o(.bss..L_MergedGlobals)
    g_ui32PortNum                            0x20000008   Data           4  uartstdio.o(.bss..L_MergedGlobals)
    g_ui32UARTTxReadIndex                    0x2000000c   Data           4  uartstdio.o(.bss..L_MergedGlobals)
    g_ui32UARTTxWriteIndex                   0x20000010   Data           4  uartstdio.o(.bss..L_MergedGlobals)
    g_ui32UARTRxReadIndex                    0x20000014   Data           4  uartstdio.o(.bss..L_MergedGlobals)
    g_ui32UARTRxWriteIndex                   0x20000018   Data           4  uartstdio.o(.bss..L_MergedGlobals)
    [Anonymous Symbol]                       0x2000001c   Section        0  main.o(.bss..L_MergedGlobals)
    g_pcUARTRxBuffer                         0x200007e0   Data         128  uartstdio.o(.bss.g_pcUARTRxBuffer)
    [Anonymous Symbol]                       0x200007e0   Section        0  uartstdio.o(.bss.g_pcUARTRxBuffer)
    g_pcUARTTxBuffer                         0x20000860   Data        1024  uartstdio.o(.bss.g_pcUARTTxBuffer)
    [Anonymous Symbol]                       0x20000860   Section        0  uartstdio.o(.bss.g_pcUARTTxBuffer)
    StackMem                                 0x20000e70   Data           0  startup_rvmdk.o(STACK)
    STACK                                    0x20000e70   Section    16384  startup_rvmdk.o(STACK)

    Global Symbols

    Symbol Name                              Value     Ov Type        Size  Object(Section)

    BuildAttributes$$THM_ISAv4$E$P$D$K$B$S$7EM$VFPi3$EXTD16$VFPS$VFMA$PE$A:L22UL41UL21$X:L11$S22US41US21$IEEE1$IW$~IW$USESV6$~STKCKD$USESV7$~SHL$OTIME$ROPI$EBA8$MICROLIB$REQ8$PRES8$EABIv2 0x00000000   Number         0  anon$$obj.o ABSOLUTE
    __Vectors                                0x00000000   Data           0  startup_rvmdk.o(RESET)
    _printf_a                                0x00000000   Number         0  printfstubs.o ABSOLUTE
    _printf_c                                0x00000000   Number         0  printfstubs.o ABSOLUTE
    _printf_charcount                        0x00000000   Number         0  printfstubs.o ABSOLUTE
    _printf_d                                0x00000000   Number         0  printfstubs.o ABSOLUTE
    _printf_e                                0x00000000   Number         0  printfstubs.o ABSOLUTE
    _printf_f                                0x00000000   Number         0  printfstubs.o ABSOLUTE
    _printf_flags                            0x00000000   Number         0  printfstubs.o ABSOLUTE
    _printf_fp_dec                           0x00000000   Number         0  printfstubs.o ABSOLUTE
    _printf_fp_hex                           0x00000000   Number         0  printfstubs.o ABSOLUTE
    _printf_g                                0x00000000   Number         0  printfstubs.o ABSOLUTE
    _printf_i                                0x00000000   Number         0  printfstubs.o ABSOLUTE
    _printf_int_dec                          0x00000000   Number         0  printfstubs.o ABSOLUTE
    _printf_l                                0x00000000   Number         0  printfstubs.o ABSOLUTE
    _printf_lc                               0x00000000   Number         0  printfstubs.o ABSOLUTE
    _printf_ll                               0x00000000   Number         0  printfstubs.o ABSOLUTE
    _printf_lld                              0x00000000   Number         0  printfstubs.o ABSOLUTE
    _printf_lli                              0x00000000   Number         0  printfstubs.o ABSOLUTE
    _printf_llo                              0x00000000   Number         0  printfstubs.o ABSOLUTE
    _printf_llu                              0x00000000   Number         0  printfstubs.o ABSOLUTE
    _printf_llx                              0x00000000   Number         0  printfstubs.o ABSOLUTE
    _printf_longlong_dec                     0x00000000   Number         0  printfstubs.o ABSOLUTE
    _printf_longlong_hex                     0x00000000   Number         0  printfstubs.o ABSOLUTE
    _printf_longlong_oct                     0x00000000   Number         0  printfstubs.o ABSOLUTE
    _printf_ls                               0x00000000   Number         0  printfstubs.o ABSOLUTE
    _printf_mbtowc                           0x00000000   Number         0  printfstubs.o ABSOLUTE
    _printf_n                                0x00000000   Number         0  printfstubs.o ABSOLUTE
    _printf_o                                0x00000000   Number         0  printfstubs.o ABSOLUTE
    _printf_p                                0x00000000   Number         0  printfstubs.o ABSOLUTE
    _printf_percent                          0x00000000   Number         0  printfstubs.o ABSOLUTE
    _printf_pre_padding                      0x00000000   Number         0  printfstubs.o ABSOLUTE
    _printf_return_value                     0x00000000   Number         0  printfstubs.o ABSOLUTE
    _printf_s                                0x00000000   Number         0  printfstubs.o ABSOLUTE
    _printf_sizespec                         0x00000000   Number         0  printfstubs.o ABSOLUTE
    _printf_str                              0x00000000   Number         0  printfstubs.o ABSOLUTE
    _printf_truncate_signed                  0x00000000   Number         0  printfstubs.o ABSOLUTE
    _printf_truncate_unsigned                0x00000000   Number         0  printfstubs.o ABSOLUTE
    _printf_u                                0x00000000   Number         0  printfstubs.o ABSOLUTE
    _printf_wc                               0x00000000   Number         0  printfstubs.o ABSOLUTE
    _printf_wctomb                           0x00000000   Number         0  printfstubs.o ABSOLUTE
    _printf_widthprec                        0x00000000   Number         0  printfstubs.o ABSOLUTE
    _printf_x                                0x00000000   Number         0  printfstubs.o ABSOLUTE
    __cpp_initialize__aeabi_                  - Undefined Weak Reference
    __cxa_finalize                            - Undefined Weak Reference
    __decompress                              - Undefined Weak Reference
    _clock_init                               - Undefined Weak Reference
    _microlib_exit                            - Undefined Weak Reference
    Reset_Handler                            0x0000026d   Thumb Code     0  startup_rvmdk.o(RESET)
    __main                                   0x00000289   Thumb Code     0  entry.o(.ARM.Collect$$$$00000000)
    _main_stk                                0x00000289   Thumb Code     0  entry2.o(.ARM.Collect$$$$00000001)
    _main_scatterload                        0x0000028d   Thumb Code     0  entry5.o(.ARM.Collect$$$$00000004)
    __main_after_scatterload                 0x00000291   Thumb Code     0  entry5.o(.ARM.Collect$$$$00000004)
    _main_clock                              0x00000291   Thumb Code     0  entry7b.o(.ARM.Collect$$$$00000008)
    _main_cpp_init                           0x00000291   Thumb Code     0  entry8b.o(.ARM.Collect$$$$0000000A)
    _main_init                               0x00000291   Thumb Code     0  entry9a.o(.ARM.Collect$$$$0000000B)
    __rt_final_cpp                           0x00000299   Thumb Code     0  entry10a.o(.ARM.Collect$$$$0000000D)
    __rt_final_exit                          0x00000299   Thumb Code     0  entry11a.o(.ARM.Collect$$$$0000000F)
    SysCtlDelay                              0x0000029d   Thumb Code     6  sysctl.o(.emb_text)
    CPUcpsid                                 0x000002a5   Thumb Code     8  cpu.o(.emb_text)
    CPUprimask                               0x000002ad   Thumb Code     6  cpu.o(.emb_text)
    CPUcpsie                                 0x000002b3   Thumb Code     8  cpu.o(.emb_text)
    CPUwfi                                   0x000002bb   Thumb Code     4  cpu.o(.emb_text)
    CPUbasepriSet                            0x000002bf   Thumb Code     6  cpu.o(.emb_text)
    CPUbasepriGet                            0x000002c5   Thumb Code     6  cpu.o(.emb_text)
    __aeabi_memcpy                           0x000002cb   Thumb Code    36  memcpya.o(.text)
    __aeabi_memcpy4                          0x000002cb   Thumb Code     0  memcpya.o(.text)
    __aeabi_memcpy8                          0x000002cb   Thumb Code     0  memcpya.o(.text)
    __aeabi_memset                           0x000002ef   Thumb Code    14  memseta.o(.text)
    __aeabi_memset4                          0x000002ef   Thumb Code     0  memseta.o(.text)
    __aeabi_memset8                          0x000002ef   Thumb Code     0  memseta.o(.text)
    __aeabi_memclr                           0x000002fd   Thumb Code     4  memseta.o(.text)
    __aeabi_memclr4                          0x000002fd   Thumb Code     0  memseta.o(.text)
    __aeabi_memclr8                          0x000002fd   Thumb Code     0  memseta.o(.text)
    _memset$wrapper                          0x00000301   Thumb Code    18  memseta.o(.text)
    strlen                                   0x00000313   Thumb Code    14  strlen.o(.text)
    strcpy                                   0x00000321   Thumb Code    18  strcpy.o(.text)
    __scatterload                            0x00000335   Thumb Code    38  init.o(.text)
    __scatterload_rt2                        0x00000335   Thumb Code     0  init.o(.text)
    Board_Input                              0x00000365   Thumb Code    20  led.o(.text.Board_Input)
    CC3100_InterruptDisable                  0x0000037d   Thumb Code     8  board.o(.text.CC3100_InterruptDisable)
    CC3100_InterruptEnable                   0x00000385   Thumb Code     8  board.o(.text.CC3100_InterruptEnable)
    CC3100_disable                           0x0000038d   Thumb Code    12  board.o(.text.CC3100_disable)
    CC3100_enable                            0x00000399   Thumb Code    12  board.o(.text.CC3100_enable)
    Crash                                    0x000003a9   Thumb Code     6  main.o(.text.Crash)
    GPIOB_intHandler                         0x000003b1   Thumb Code    44  board.o(.text.GPIOB_intHandler)
    GetStartResponseConvert                  0x000003e5   Thumb Code    68  device.o(.text.GetStartResponseConvert)
    LED_GreenOff                             0x00000429   Thumb Code     8  led.o(.text.LED_GreenOff)
    LED_GreenOn                              0x00000431   Thumb Code     8  led.o(.text.LED_GreenOn)
    LED_Init                                 0x0000043d   Thumb Code    60  led.o(.text.LED_Init)
    LED_RedToggle                            0x00000489   Thumb Code    12  led.o(.text.LED_RedToggle)
    SimpleLinkHttpServerCallback             0x00000685   Thumb Code     8  main.o(.text.SimpleLinkHttpServerCallback)
    SimpleLinkNetAppEventHandler             0x000006b1   Thumb Code    24  main.o(.text.SimpleLinkNetAppEventHandler)
    SimpleLinkWlanEventHandler               0x000006ed   Thumb Code    56  main.o(.text.SimpleLinkWlanEventHandler)
    UART0_InChar                             0x000007a1   Thumb Code    16  main.o(.text.UART0_InChar)
    UART0_InString                           0x000007b1   Thumb Code   108  main.o(.text.UART0_InString)
    UARTStdioIntHandler                      0x00000889   Thumb Code   260  uartstdio.o(.text.UARTStdioIntHandler)
    UART_Init                                0x000009a1   Thumb Code    88  main.o(.text.UART_Init)
    UART_OutString                           0x00000a05   Thumb Code    20  main.o(.text.UART_OutString)
    UARTwrite                                0x00000a1d   Thumb Code   100  uartstdio.o(.text.UARTwrite)
    _SlAsyncEventGenericHandler              0x00000a8d   Thumb Code   536  driver.o(.text._SlAsyncEventGenericHandler)
    _SlDrvBasicCmd                           0x00000ca5   Thumb Code    34  driver.o(.text._SlDrvBasicCmd)
    _SlDrvClassifyRxMsg                      0x00000cc9   Thumb Code   116  driver.o(.text._SlDrvClassifyRxMsg)
    _SlDrvCmdOp                              0x00000d4d   Thumb Code    56  driver.o(.text._SlDrvCmdOp)
    _SlDrvCmdSend                            0x00000d85   Thumb Code    28  driver.o(.text._SlDrvCmdSend)
    _SlDrvDataReadOp                         0x00000da5   Thumb Code   276  driver.o(.text._SlDrvDataReadOp)
    _SlDrvDataWriteOp                        0x00000ebd   Thumb Code   236  driver.o(.text._SlDrvDataWriteOp)
    _SlDrvDeviceEventHandler                 0x00000fa9   Thumb Code    26  device.o(.text._SlDrvDeviceEventHandler)
    _SlDrvDriverCBDeinit                     0x00000fc5   Thumb Code   100  driver.o(.text._SlDrvDriverCBDeinit)
    _SlDrvDriverCBInit                       0x00001029   Thumb Code   116  driver.o(.text._SlDrvDriverCBInit)
    _SlDrvFlowContDeinit                     0x000010a1   Thumb Code    40  flowcont.o(.text._SlDrvFlowContDeinit)
    _SlDrvFlowContInit                       0x000010c9   Thumb Code    40  flowcont.o(.text._SlDrvFlowContInit)
    _SlDrvMsgRead                            0x000010f5   Thumb Code   776  driver.o(.text._SlDrvMsgRead)
    _SlDrvMsgReadCmdCtx                      0x00001405   Thumb Code   144  driver.o(.text._SlDrvMsgReadCmdCtx)
    _SlDrvMsgReadSpawnCtx                    0x0000149d   Thumb Code   120  driver.o(.text._SlDrvMsgReadSpawnCtx)
    _SlDrvMsgWrite                           0x00001519   Thumb Code   208  driver.o(.text._SlDrvMsgWrite)
    _SlDrvNetAppEventHandler                 0x000015ed   Thumb Code   208  netapp.o(.text._SlDrvNetAppEventHandler)
    _SlDrvObjInit                            0x000016bd   Thumb Code    52  driver.o(.text._SlDrvObjInit)
    _SlDrvReleasePoolObj                     0x000016f1   Thumb Code   220  driver.o(.text._SlDrvReleasePoolObj)
    _SlDrvRxHdrRead                          0x000017d1   Thumb Code   280  driver.o(.text._SlDrvRxHdrRead)
    _SlDrvRxIrqHandler                       0x000018f9   Thumb Code    52  driver.o(.text._SlDrvRxIrqHandler)
    _SlDrvShiftDWord                         0x00001931   Thumb Code    22  driver.o(.text._SlDrvShiftDWord)
    _SlDrvWaitForPoolObj                     0x00001949   Thumb Code   220  driver.o(.text._SlDrvWaitForPoolObj)
    _SlFindAndSetActiveObj                   0x00001a29   Thumb Code   144  driver.o(.text._SlFindAndSetActiveObj)
    _SlNonOsMainLoopTask                     0x00001ac1   Thumb Code    56  nonos.o(.text._SlNonOsMainLoopTask)
    _SlNonOsSemGet                           0x00001af9   Thumb Code    48  nonos.o(.text._SlNonOsSemGet)
    _SlNonOsSemSet                           0x00001b29   Thumb Code     6  nonos.o(.text._SlNonOsSemSet)
    _SlNonOsSpawn                            0x00001b31   Thumb Code    28  nonos.o(.text._SlNonOsSpawn)
    _SlRemoveFromList                        0x00001b51   Thumb Code    64  driver.o(.text._SlRemoveFromList)
    _sl_BuildAddress                         0x00001b95   Thumb Code    38  socket.o(.text._sl_BuildAddress)
    _sl_HandleAsync_Accept                   0x00001bbd   Thumb Code    72  socket.o(.text._sl_HandleAsync_Accept)
    _sl_HandleAsync_Connect                  0x00001c05   Thumb Code    72  socket.o(.text._sl_HandleAsync_Connect)
    _sl_HandleAsync_DnsGetHostByName         0x00001c4d   Thumb Code    88  netapp.o(.text._sl_HandleAsync_DnsGetHostByName)
    _sl_HandleAsync_DnsGetHostByService      0x00001ca9   Thumb Code    84  netapp.o(.text._sl_HandleAsync_DnsGetHostByService)
    _sl_HandleAsync_InitComplete             0x00001d01   Thumb Code    64  device.o(.text._sl_HandleAsync_InitComplete)
    _sl_HandleAsync_PingResponse             0x00001d45   Thumb Code   108  netapp.o(.text._sl_HandleAsync_PingResponse)
    _sl_HandleAsync_Select                   0x00001db5   Thumb Code    56  socket.o(.text._sl_HandleAsync_Select)
    _sl_HandleAsync_Stop                     0x00001ded   Thumb Code    32  device.o(.text._sl_HandleAsync_Stop)
    _sl_TruncatePayloadByProtocol            0x00001e11   Thumb Code    28  socket.o(.text._sl_TruncatePayloadByProtocol)
    clear_buffer                             0x00001e59   Thumb Code    14  main.o(.text.clear_buffer)
    initClk                                  0x00001e69   Thumb Code    20  board.o(.text.initClk)
    main                                     0x00001e81   Thumb Code   860  main.o(.text.main)
    registerInterruptHandler                 0x0000228d   Thumb Code     8  board.o(.text.registerInterruptHandler)
    sl_Close                                 0x00002299   Thumb Code    24  socket.o(.text.sl_Close)
    sl_Connect                               0x000022b5   Thumb Code   220  socket.o(.text.sl_Connect)
    sl_DevGet                                0x00002391   Thumb Code   100  device.o(.text.sl_DevGet)
    sl_Htonl                                 0x000023fd   Thumb Code     4  socket.o(.text.sl_Htonl)
    sl_Htons                                 0x00002401   Thumb Code     4  socket.o(.text.sl_Htons)
    sl_NetAppDnsGetHostByName                0x00002405   Thumb Code   208  netapp.o(.text.sl_NetAppDnsGetHostByName)
    sl_NetAppMDNSRegisterUnregisterService   0x000024e1   Thumb Code   120  netapp.o(.text.sl_NetAppMDNSRegisterUnregisterService)
    sl_NetAppMDNSUnRegisterService           0x0000255d   Thumb Code    20  netapp.o(.text.sl_NetAppMDNSUnRegisterService)
    sl_NetAppSendTokenValue                  0x00002571   Thumb Code    72  netapp.o(.text.sl_NetAppSendTokenValue)
    sl_NetCfgSet                             0x000025bd   Thumb Code    56  netcfg.o(.text.sl_NetCfgSet)
    sl_Recv                                  0x000025f9   Thumb Code    60  socket.o(.text.sl_Recv)
    sl_Send                                  0x00002639   Thumb Code   148  socket.o(.text.sl_Send)
    sl_Socket                                0x000026d5   Thumb Code    44  socket.o(.text.sl_Socket)
    sl_Start                                 0x00002705   Thumb Code   156  device.o(.text.sl_Start)
    sl_Stop                                  0x000027ad   Thumb Code   176  device.o(.text.sl_Stop)
    sl_WlanConnect                           0x00002869   Thumb Code   384  wlan.o(.text.sl_WlanConnect)
    sl_WlanDisconnect                        0x000029ed   Thumb Code     8  wlan.o(.text.sl_WlanDisconnect)
    sl_WlanPolicySet                         0x000029f5   Thumb Code    52  wlan.o(.text.sl_WlanPolicySet)
    sl_WlanProfileDel                        0x00002a2d   Thumb Code    24  wlan.o(.text.sl_WlanProfileDel)
    sl_WlanSet                               0x00002a49   Thumb Code    56  wlan.o(.text.sl_WlanSet)
    sl_WlanSetMode                           0x00002a85   Thumb Code    24  wlan.o(.text.sl_WlanSetMode)
    spi_Close                                0x00002aa1   Thumb Code    10  spi.o(.text.spi_Close)
    spi_Open                                 0x00002aad   Thumb Code   196  spi.o(.text.spi_Open)
    spi_Read                                 0x00002b8d   Thumb Code    76  spi.o(.text.spi_Read)
    spi_Write                                0x00002bd9   Thumb Code    72  spi.o(.text.spi_Write)
    FPUEnable                                0x00002c25   Thumb Code    12  fpu.o(i.FPUEnable)
    FPULazyStackingEnable                    0x00002c35   Thumb Code    12  fpu.o(i.FPULazyStackingEnable)
    GPIODirModeSet                           0x00002c45   Thumb Code    40  gpio.o(i.GPIODirModeSet)
    GPIOIntClear                             0x00002c6d   Thumb Code     6  gpio.o(i.GPIOIntClear)
    GPIOIntDisable                           0x00002c73   Thumb Code    14  gpio.o(i.GPIOIntDisable)
    GPIOIntEnable                            0x00002c81   Thumb Code    14  gpio.o(i.GPIOIntEnable)
    GPIOIntStatus                            0x00002c8f   Thumb Code    14  gpio.o(i.GPIOIntStatus)
    GPIOIntTypeSet                           0x00002c9d   Thumb Code    80  gpio.o(i.GPIOIntTypeSet)
    GPIOPadConfigSet                         0x00002ced   Thumb Code   314  gpio.o(i.GPIOPadConfigSet)
    GPIOPinConfigure                         0x00002e29   Thumb Code    64  gpio.o(i.GPIOPinConfigure)
    GPIOPinTypeGPIOInput                     0x00002e71   Thumb Code    28  gpio.o(i.GPIOPinTypeGPIOInput)
    GPIOPinTypeGPIOOutput                    0x00002e8d   Thumb Code    28  gpio.o(i.GPIOPinTypeGPIOOutput)
    GPIOPinTypeSSI                           0x00002ea9   Thumb Code    28  gpio.o(i.GPIOPinTypeSSI)
    GPIOPinWrite                             0x00002ec5   Thumb Code     6  gpio.o(i.GPIOPinWrite)
    IntEnable                                0x00002ecd   Thumb Code    92  interrupt.o(i.IntEnable)
    IntMasterEnable                          0x00002f31   Thumb Code    14  interrupt.o(i.IntMasterEnable)
    SSIConfigSetExpClk                       0x00002f3f   Thumb Code    74  ssi.o(i.SSIConfigSetExpClk)
    SSIDataGetNonBlocking                    0x00002f89   Thumb Code    20  ssi.o(i.SSIDataGetNonBlocking)
    SSIDataPutNonBlocking                    0x00002f9d   Thumb Code    16  ssi.o(i.SSIDataPutNonBlocking)
    SSIEnable                                0x00002fad   Thumb Code    10  ssi.o(i.SSIEnable)
    SysCtlClockGet                           0x00002fb9   Thumb Code   314  sysctl.o(i.SysCtlClockGet)
    SysCtlClockSet                           0x0000311d   Thumb Code   270  sysctl.o(i.SysCtlClockSet)
    SysCtlPeripheralEnable                   0x0000323d   Thumb Code    36  sysctl.o(i.SysCtlPeripheralEnable)
    __0sprintf$2                             0x00003265   Thumb Code    34  printf2.o(i.__0sprintf$2)
    __1sprintf$2                             0x00003265   Thumb Code     0  printf2.o(i.__0sprintf$2)
    __2sprintf                               0x00003265   Thumb Code     0  printf2.o(i.__0sprintf$2)
    __scatterload_copy                       0x0000328d   Thumb Code    14  handlers.o(i.__scatterload_copy)
    __scatterload_null                       0x0000329b   Thumb Code     2  handlers.o(i.__scatterload_null)
    __scatterload_zeroinit                   0x0000329d   Thumb Code    14  handlers.o(i.__scatterload_zeroinit)
    API_KEY                                  0x0000386c   Data          40  main.o(.rodata.API_KEY)
    BASIC_LINK                               0x00003894   Data          14  main.o(.rodata.BASIC_LINK)
    CITY_ID                                  0x000038a2   Data          12  main.o(.rodata.CITY_ID)
    CITY_NAME                                0x000038ae   Data          10  main.o(.rodata.CITY_NAME)
    CO_ORDS_LAT                              0x000038b8   Data          13  main.o(.rodata.CO_ORDS_LAT)
    CO_ORDS_LONG                             0x000038c5   Data           6  main.o(.rodata.CO_ORDS_LONG)
    REQUEST                                  0x000038cb   Data          81  main.o(.rodata.REQUEST)
    ZIP_CODE                                 0x0000391c   Data           9  main.o(.rodata.ZIP_CODE)
    _SlActionLookupTable                     0x00003928   Data          56  driver.o(.rodata._SlActionLookupTable)
    _SlDeviceGetCmdCtrl                      0x00003960   Data           4  device.o(.rodata._SlDeviceGetCmdCtrl)
    _SlGetHostByNameCtrl                     0x00003964   Data           4  netapp.o(.rodata._SlGetHostByNameCtrl)
    _SlNetAppSendTokenValueCmdCtrl           0x00003968   Data           4  netapp.o(.rodata._SlNetAppSendTokenValueCmdCtrl)
    _SlNetCfgSetCmdCtrl                      0x0000396c   Data           4  netcfg.o(.rodata._SlNetCfgSetCmdCtrl)
    _SlPolicySetCmdCtrl                      0x00003970   Data           4  wlan.o(.rodata._SlPolicySetCmdCtrl)
    _SlProfileDelCmdCtrl                     0x00003974   Data           4  wlan.o(.rodata._SlProfileDelCmdCtrl)
    _SlRecvCmdCtrl                           0x00003978   Data           4  socket.o(.rodata._SlRecvCmdCtrl)
    _SlRegisterServiceCtrl                   0x0000397c   Data           4  netapp.o(.rodata._SlRegisterServiceCtrl)
    _SlSendCmdCtrl                           0x00003980   Data           4  socket.o(.rodata._SlSendCmdCtrl)
    _SlSockCloseCmdCtrl                      0x00003984   Data           4  socket.o(.rodata._SlSockCloseCmdCtrl)
    _SlSockSocketCmdCtrl                     0x00003988   Data           4  socket.o(.rodata._SlSockSocketCmdCtrl)
    _SlStopCmdCtrl                           0x0000398c   Data           4  device.o(.rodata._SlStopCmdCtrl)
    _SlWlanCfgSetCmdCtrl                     0x00003990   Data           4  wlan.o(.rodata._SlWlanCfgSetCmdCtrl)
    _SlWlanSetModeCmdCtrl                    0x00003994   Data           4  wlan.o(.rodata._SlWlanSetModeCmdCtrl)
    g_H2NCnysPattern                         0x00003998   Data           8  driver.o(.rodata.g_H2NCnysPattern)
    g_H2NSyncPattern                         0x000039a0   Data           8  driver.o(.rodata.g_H2NSyncPattern)
    Region$$Table$$Base                      0x00003a50   Number         0  anon$$obj.o(Region$$Table)
    Region$$Table$$Limit                     0x00003a60   Number         0  anon$$obj.o(Region$$Table)
    g_Status                                 0x2000001c   Data           4  main.o(.bss..L_MergedGlobals)
    DestinationIP                            0x20000020   Data           4  main.o(.bss..L_MergedGlobals)
    SockID                                   0x20000024   Data           4  main.o(.bss..L_MergedGlobals)
    HostName                                 0x20000028   Data          40  main.o(.bss..L_MergedGlobals)
    Recvbuff                                 0x20000050   Data        1024  main.o(.bss.Recvbuff)
    SendBuff                                 0x20000450   Data         512  main.o(.bss.SendBuff)
    g_StatMem                                0x20000650   Data         356  driver.o(.bss.g_StatMem)
    g__SlNonOsCB                             0x200007b4   Data          40  nonos.o(.bss.g__SlNonOsCB)
    g_pCB                                    0x200007dc   Data           4  driver.o(.bss.g_pCB)
    pIrqEventHandler                         0x20000c60   Data           4  board.o(.bss.pIrqEventHandler)
    pPingCallBackFunc                        0x20000c64   Data           4  driver.o(.bss.pPingCallBackFunc)
    userFinished                             0x20000c68   Data           1  main.o(.bss.userFinished)
    userInput                                0x20000c69   Data         512  main.o(.bss.userInput)
    __initial_sp                             0x20004e70   Data           0  startup_rvmdk.o(STACK)



==============================================================================

Memory Map of the image

  Image Entry point : 0x0000026d

  Load Region LR_IROM (Base: 0x00000000, Size: 0x00003a60, Max: 0x00040000, ABSOLUTE)

    Execution Region ER_IROM (Exec base: 0x00000000, Load base: 0x00000000, Size: 0x00003a60, Max: 0x00040000, ABSOLUTE)

    Exec Addr    Load Addr    Size         Type   Attr      Idx    E Section Name        Object

    0x00000000   0x00000000   0x00000288   Code   RO          437  * RESET               startup_rvmdk.o
    0x00000288   0x00000288   0x00000000   Code   RO         1882  * .ARM.Collect$$$$00000000  mc_w.l(entry.o)
    0x00000288   0x00000288   0x00000004   Code   RO         2156    .ARM.Collect$$$$00000001  mc_w.l(entry2.o)
    0x0000028c   0x0000028c   0x00000004   Code   RO         2159    .ARM.Collect$$$$00000004  mc_w.l(entry5.o)
    0x00000290   0x00000290   0x00000000   Code   RO         2161    .ARM.Collect$$$$00000008  mc_w.l(entry7b.o)
    0x00000290   0x00000290   0x00000000   Code   RO         2163    .ARM.Collect$$$$0000000A  mc_w.l(entry8b.o)
    0x00000290   0x00000290   0x00000008   Code   RO         2164    .ARM.Collect$$$$0000000B  mc_w.l(entry9a.o)
    0x00000298   0x00000298   0x00000000   Code   RO         2166    .ARM.Collect$$$$0000000D  mc_w.l(entry10a.o)
    0x00000298   0x00000298   0x00000000   Code   RO         2168    .ARM.Collect$$$$0000000F  mc_w.l(entry11a.o)
    0x00000298   0x00000298   0x00000004   Code   RO         2157    .ARM.Collect$$$$00002712  mc_w.l(entry2.o)
    0x0000029c   0x0000029c   0x00000006   Code   RO         1530    .emb_text           driverlib.lib(sysctl.o)
    0x000002a2   0x000002a2   0x00000002   PAD
    0x000002a4   0x000002a4   0x00000026   Code   RO         1872    .emb_text           driverlib.lib(cpu.o)
    0x000002ca   0x000002ca   0x00000024   Code   RO         1885    .text               mc_w.l(memcpya.o)
    0x000002ee   0x000002ee   0x00000024   Code   RO         1887    .text               mc_w.l(memseta.o)
    0x00000312   0x00000312   0x0000000e   Code   RO         1889    .text               mc_w.l(strlen.o)
    0x00000320   0x00000320   0x00000012   Code   RO         1891    .text               mc_w.l(strcpy.o)
    0x00000332   0x00000332   0x00000002   PAD
    0x00000334   0x00000334   0x00000030   Code   RO         2195    .text               mc_w.l(init.o)
    0x00000364   0x00000364   0x00000018   Code   RO           38    .text.Board_Input   led.o
    0x0000037c   0x0000037c   0x00000008   Code   RO           14    .text.CC3100_InterruptDisable  board.o
    0x00000384   0x00000384   0x00000008   Code   RO           12    .text.CC3100_InterruptEnable  board.o
    0x0000038c   0x0000038c   0x0000000c   Code   RO            8    .text.CC3100_disable  board.o
    0x00000398   0x00000398   0x00000010   Code   RO           10    .text.CC3100_enable  board.o
    0x000003a8   0x000003a8   0x00000006   Code   RO          832    .text.Crash         main.o
    0x000003ae   0x000003ae   0x00000002   PAD
    0x000003b0   0x000003b0   0x00000034   Code   RO           22    .text.GPIOB_intHandler  board.o
    0x000003e4   0x000003e4   0x00000044   Code   RO           63    .text.GetStartResponseConvert  device.o
    0x00000428   0x00000428   0x00000008   Code   RO           52    .text.LED_GreenOff  led.o
    0x00000430   0x00000430   0x0000000c   Code   RO           50    .text.LED_GreenOn   led.o
    0x0000043c   0x0000043c   0x0000004c   Code   RO           36    .text.LED_Init      led.o
    0x00000488   0x00000488   0x00000010   Code   RO           44    .text.LED_RedToggle  led.o
    0x00000498   0x00000498   0x00000028   Code   RO           83    .text.OUTLINED_FUNCTION_0  device.o
    0x000004c0   0x000004c0   0x0000001c   Code   RO          148    .text.OUTLINED_FUNCTION_0  driver.o
    0x000004dc   0x000004dc   0x00000014   Code   RO          286    .text.OUTLINED_FUNCTION_0  netapp.o
    0x000004f0   0x000004f0   0x0000000e   Code   RO          389    .text.OUTLINED_FUNCTION_0  socket.o
    0x000004fe   0x000004fe   0x00000008   Code   RO          426    .text.OUTLINED_FUNCTION_0  spi.o
    0x00000506   0x00000506   0x00000006   Code   RO          482    .text.OUTLINED_FUNCTION_0  wlan.o
    0x0000050c   0x0000050c   0x0000000e   Code   RO          706    .text.OUTLINED_FUNCTION_0  uartstdio.o
    0x0000051a   0x0000051a   0x0000000a   Code   RO          848    .text.OUTLINED_FUNCTION_0  main.o
    0x00000524   0x00000524   0x00000010   Code   RO           85    .text.OUTLINED_FUNCTION_1  device.o
    0x00000534   0x00000534   0x0000000c   Code   RO          150    .text.OUTLINED_FUNCTION_1  driver.o
    0x00000540   0x00000540   0x0000000e   Code   RO          288    .text.OUTLINED_FUNCTION_1  netapp.o
    0x0000054e   0x0000054e   0x00000016   Code   RO          391    .text.OUTLINED_FUNCTION_1  socket.o
    0x00000564   0x00000564   0x00000010   Code   RO          168    .text.OUTLINED_FUNCTION_10  driver.o
    0x00000574   0x00000574   0x00000016   Code   RO          170    .text.OUTLINED_FUNCTION_11  driver.o
    0x0000058a   0x0000058a   0x00000008   Code   RO          172    .text.OUTLINED_FUNCTION_12  driver.o
    0x00000592   0x00000592   0x0000000e   Code   RO          174    .text.OUTLINED_FUNCTION_13  driver.o
    0x000005a0   0x000005a0   0x00000008   Code   RO          176    .text.OUTLINED_FUNCTION_14  driver.o
    0x000005a8   0x000005a8   0x00000008   Code   RO          178    .text.OUTLINED_FUNCTION_15  driver.o
    0x000005b0   0x000005b0   0x0000000c   Code   RO          180    .text.OUTLINED_FUNCTION_16  driver.o
    0x000005bc   0x000005bc   0x0000000a   Code   RO          182    .text.OUTLINED_FUNCTION_17  driver.o
    0x000005c6   0x000005c6   0x0000000e   Code   RO          184    .text.OUTLINED_FUNCTION_18  driver.o
    0x000005d4   0x000005d4   0x0000000e   Code   RO          186    .text.OUTLINED_FUNCTION_19  driver.o
    0x000005e2   0x000005e2   0x00000010   Code   RO           87    .text.OUTLINED_FUNCTION_2  device.o
    0x000005f2   0x000005f2   0x0000001c   Code   RO          152    .text.OUTLINED_FUNCTION_2  driver.o
    0x0000060e   0x0000060e   0x0000000a   Code   RO          393    .text.OUTLINED_FUNCTION_2  socket.o
    0x00000618   0x00000618   0x0000000a   Code   RO           89    .text.OUTLINED_FUNCTION_3  device.o
    0x00000622   0x00000622   0x00000008   Code   RO          154    .text.OUTLINED_FUNCTION_3  driver.o
    0x0000062a   0x0000062a   0x00000006   Code   RO          395    .text.OUTLINED_FUNCTION_3  socket.o
    0x00000630   0x00000630   0x00000008   Code   RO          156    .text.OUTLINED_FUNCTION_4  driver.o
    0x00000638   0x00000638   0x0000000a   Code   RO          397    .text.OUTLINED_FUNCTION_4  socket.o
    0x00000642   0x00000642   0x00000018   Code   RO          158    .text.OUTLINED_FUNCTION_5  driver.o
    0x0000065a   0x0000065a   0x0000000a   Code   RO          160    .text.OUTLINED_FUNCTION_6  driver.o
    0x00000664   0x00000664   0x0000000a   Code   RO          162    .text.OUTLINED_FUNCTION_7  driver.o
    0x0000066e   0x0000066e   0x00000010   Code   RO          164    .text.OUTLINED_FUNCTION_8  driver.o
    0x0000067e   0x0000067e   0x00000006   Code   RO          166    .text.OUTLINED_FUNCTION_9  driver.o
    0x00000684   0x00000684   0x0000002c   Code   RO          842    .text.SimpleLinkHttpServerCallback  main.o
    0x000006b0   0x000006b0   0x0000003c   Code   RO          840    .text.SimpleLinkNetAppEventHandler  main.o
    0x000006ec   0x000006ec   0x000000b4   Code   RO          838    .text.SimpleLinkWlanEventHandler  main.o
    0x000007a0   0x000007a0   0x00000010   Code   RO          828    .text.UART0_InChar  main.o
    0x000007b0   0x000007b0   0x00000070   Code   RO          830    .text.UART0_InString  main.o
    0x00000820   0x00000820   0x00000068   Code   RO          684    .text.UARTPrimeTransmit  uartstdio.o
    0x00000888   0x00000888   0x00000118   Code   RO          704    .text.UARTStdioIntHandler  uartstdio.o
    0x000009a0   0x000009a0   0x00000064   Code   RO          824    .text.UART_Init     main.o
    0x00000a04   0x00000a04   0x00000018   Code   RO          826    .text.UART_OutString  main.o
    0x00000a1c   0x00000a1c   0x00000070   Code   RO          682    .text.UARTwrite     uartstdio.o
    0x00000a8c   0x00000a8c   0x00000218   Code   RO          140    .text._SlAsyncEventGenericHandler  driver.o
    0x00000ca4   0x00000ca4   0x00000022   Code   RO          144    .text._SlDrvBasicCmd  driver.o
    0x00000cc6   0x00000cc6   0x00000002   PAD
    0x00000cc8   0x00000cc8   0x00000084   Code   RO          136    .text._SlDrvClassifyRxMsg  driver.o
    0x00000d4c   0x00000d4c   0x00000038   Code   RO          116    .text._SlDrvCmdOp   driver.o
    0x00000d84   0x00000d84   0x00000020   Code   RO          122    .text._SlDrvCmdSend  driver.o
    0x00000da4   0x00000da4   0x00000118   Code   RO          124    .text._SlDrvDataReadOp  driver.o
    0x00000ebc   0x00000ebc   0x000000ec   Code   RO          130    .text._SlDrvDataWriteOp  driver.o
    0x00000fa8   0x00000fa8   0x0000001a   Code   RO           81    .text._SlDrvDeviceEventHandler  device.o
    0x00000fc2   0x00000fc2   0x00000002   PAD
    0x00000fc4   0x00000fc4   0x00000064   Code   RO          108    .text._SlDrvDriverCBDeinit  driver.o
    0x00001028   0x00001028   0x00000078   Code   RO          104    .text._SlDrvDriverCBInit  driver.o
    0x000010a0   0x000010a0   0x00000028   Code   RO          204    .text._SlDrvFlowContDeinit  flowcont.o
    0x000010c8   0x000010c8   0x0000002c   Code   RO          202    .text._SlDrvFlowContInit  flowcont.o
    0x000010f4   0x000010f4   0x00000310   Code   RO          132    .text._SlDrvMsgRead  driver.o
    0x00001404   0x00001404   0x00000098   Code   RO          120    .text._SlDrvMsgReadCmdCtx  driver.o
    0x0000149c   0x0000149c   0x0000007c   Code   RO          114    .text._SlDrvMsgReadSpawnCtx  driver.o
    0x00001518   0x00001518   0x000000d4   Code   RO          118    .text._SlDrvMsgWrite  driver.o
    0x000015ec   0x000015ec   0x000000d0   Code   RO          284    .text._SlDrvNetAppEventHandler  netapp.o
    0x000016bc   0x000016bc   0x00000034   Code   RO          106    .text._SlDrvObjInit  driver.o
    0x000016f0   0x000016f0   0x000000e0   Code   RO          128    .text._SlDrvReleasePoolObj  driver.o
    0x000017d0   0x000017d0   0x00000128   Code   RO          134    .text._SlDrvRxHdrRead  driver.o
    0x000018f8   0x000018f8   0x00000038   Code   RO          112    .text._SlDrvRxIrqHandler  driver.o
    0x00001930   0x00001930   0x00000016   Code   RO          142    .text._SlDrvShiftDWord  driver.o
    0x00001946   0x00001946   0x00000002   PAD
    0x00001948   0x00001948   0x000000e0   Code   RO          126    .text._SlDrvWaitForPoolObj  driver.o
    0x00001a28   0x00001a28   0x00000098   Code   RO          138    .text._SlFindAndSetActiveObj  driver.o
    0x00001ac0   0x00001ac0   0x00000038   Code   RO          326    .text._SlNonOsMainLoopTask  nonos.o
    0x00001af8   0x00001af8   0x00000030   Code   RO          324    .text._SlNonOsSemGet  nonos.o
    0x00001b28   0x00001b28   0x00000006   Code   RO          322    .text._SlNonOsSemSet  nonos.o
    0x00001b2e   0x00001b2e   0x00000002   PAD
    0x00001b30   0x00001b30   0x00000020   Code   RO          328    .text._SlNonOsSpawn  nonos.o
    0x00001b50   0x00001b50   0x00000044   Code   RO          146    .text._SlRemoveFromList  driver.o
    0x00001b94   0x00001b94   0x00000026   Code   RO          339    .text._sl_BuildAddress  socket.o
    0x00001bba   0x00001bba   0x00000002   PAD
    0x00001bbc   0x00001bbc   0x00000048   Code   RO          369    .text._sl_HandleAsync_Accept  socket.o
    0x00001c04   0x00001c04   0x00000048   Code   RO          357    .text._sl_HandleAsync_Connect  socket.o
    0x00001c4c   0x00001c4c   0x0000005c   Code   RO          270    .text._sl_HandleAsync_DnsGetHostByName  netapp.o
    0x00001ca8   0x00001ca8   0x00000058   Code   RO          264    .text._sl_HandleAsync_DnsGetHostByService  netapp.o
    0x00001d00   0x00001d00   0x00000044   Code   RO           67    .text._sl_HandleAsync_InitComplete  device.o
    0x00001d44   0x00001d44   0x00000070   Code   RO          274    .text._sl_HandleAsync_PingResponse  netapp.o
    0x00001db4   0x00001db4   0x00000038   Code   RO          387    .text._sl_HandleAsync_Select  socket.o
    0x00001dec   0x00001dec   0x00000024   Code   RO           69    .text._sl_HandleAsync_Stop  device.o
    0x00001e10   0x00001e10   0x00000048   Code   RO          341    .text._sl_TruncatePayloadByProtocol  socket.o
    0x00001e58   0x00001e58   0x0000000e   Code   RO          836    .text.clear_buffer  main.o
    0x00001e66   0x00001e66   0x00000002   PAD
    0x00001e68   0x00001e68   0x00000018   Code   RO            2    .text.initClk       board.o
    0x00001e80   0x00001e80   0x0000040c   Code   RO          834    .text.main          main.o
    0x0000228c   0x0000228c   0x0000000c   Code   RO            6    .text.registerInterruptHandler  board.o
    0x00002298   0x00002298   0x0000001c   Code   RO          347    .text.sl_Close      socket.o
    0x000022b4   0x000022b4   0x000000dc   Code   RO          355    .text.sl_Connect    socket.o
    0x00002390   0x00002390   0x0000006c   Code   RO           77    .text.sl_DevGet     device.o
    0x000023fc   0x000023fc   0x00000004   Code   RO          365    .text.sl_Htonl      socket.o
    0x00002400   0x00002400   0x00000004   Code   RO          367    .text.sl_Htons      socket.o
    0x00002404   0x00002404   0x000000dc   Code   RO          268    .text.sl_NetAppDnsGetHostByName  netapp.o
    0x000024e0   0x000024e0   0x0000007c   Code   RO          256    .text.sl_NetAppMDNSRegisterUnregisterService  netapp.o
    0x0000255c   0x0000255c   0x00000014   Code   RO          260    .text.sl_NetAppMDNSUnRegisterService  netapp.o
    0x00002570   0x00002570   0x0000004c   Code   RO          280    .text.sl_NetAppSendTokenValue  netapp.o
    0x000025bc   0x000025bc   0x0000003c   Code   RO          308    .text.sl_NetCfgSet  netcfg.o
    0x000025f8   0x000025f8   0x00000040   Code   RO          371    .text.sl_Recv       socket.o
    0x00002638   0x00002638   0x0000009c   Code   RO          359    .text.sl_Send       socket.o
    0x000026d4   0x000026d4   0x00000030   Code   RO          345    .text.sl_Socket     socket.o
    0x00002704   0x00002704   0x000000a8   Code   RO           65    .text.sl_Start      device.o
    0x000027ac   0x000027ac   0x000000bc   Code   RO           71    .text.sl_Stop       device.o
    0x00002868   0x00002868   0x00000184   Code   RO          444    .text.sl_WlanConnect  wlan.o
    0x000029ec   0x000029ec   0x00000008   Code   RO          446    .text.sl_WlanDisconnect  wlan.o
    0x000029f4   0x000029f4   0x00000038   Code   RO          448    .text.sl_WlanPolicySet  wlan.o
    0x00002a2c   0x00002a2c   0x0000001c   Code   RO          456    .text.sl_WlanProfileDel  wlan.o
    0x00002a48   0x00002a48   0x0000003c   Code   RO          478    .text.sl_WlanSet    wlan.o
    0x00002a84   0x00002a84   0x0000001c   Code   RO          476    .text.sl_WlanSetMode  wlan.o
    0x00002aa0   0x00002aa0   0x0000000a   Code   RO          418    .text.spi_Close     spi.o
    0x00002aaa   0x00002aaa   0x00000002   PAD
    0x00002aac   0x00002aac   0x000000e0   Code   RO          420    .text.spi_Open      spi.o
    0x00002b8c   0x00002b8c   0x0000004c   Code   RO          424    .text.spi_Read      spi.o
    0x00002bd8   0x00002bd8   0x0000004c   Code   RO          422    .text.spi_Write     spi.o
    0x00002c24   0x00002c24   0x00000010   Code   RO          873    i.FPUEnable         driverlib.lib(fpu.o)
    0x00002c34   0x00002c34   0x00000010   Code   RO          876    i.FPULazyStackingEnable  driverlib.lib(fpu.o)
    0x00002c44   0x00002c44   0x00000028   Code   RO          950    i.GPIODirModeSet    driverlib.lib(gpio.o)
    0x00002c6c   0x00002c6c   0x00000006   Code   RO          951    i.GPIOIntClear      driverlib.lib(gpio.o)
    0x00002c72   0x00002c72   0x0000000e   Code   RO          952    i.GPIOIntDisable    driverlib.lib(gpio.o)
    0x00002c80   0x00002c80   0x0000000e   Code   RO          953    i.GPIOIntEnable     driverlib.lib(gpio.o)
    0x00002c8e   0x00002c8e   0x0000000e   Code   RO          955    i.GPIOIntStatus     driverlib.lib(gpio.o)
    0x00002c9c   0x00002c9c   0x00000050   Code   RO          957    i.GPIOIntTypeSet    driverlib.lib(gpio.o)
    0x00002cec   0x00002cec   0x0000013a   Code   RO          960    i.GPIOPadConfigSet  driverlib.lib(gpio.o)
    0x00002e26   0x00002e26   0x00000002   PAD
    0x00002e28   0x00002e28   0x00000048   Code   RO          961    i.GPIOPinConfigure  driverlib.lib(gpio.o)
    0x00002e70   0x00002e70   0x0000001c   Code   RO          970    i.GPIOPinTypeGPIOInput  driverlib.lib(gpio.o)
    0x00002e8c   0x00002e8c   0x0000001c   Code   RO          971    i.GPIOPinTypeGPIOOutput  driverlib.lib(gpio.o)
    0x00002ea8   0x00002ea8   0x0000001c   Code   RO          984    i.GPIOPinTypeSSI    driverlib.lib(gpio.o)
    0x00002ec4   0x00002ec4   0x00000006   Code   RO          992    i.GPIOPinWrite      driverlib.lib(gpio.o)
    0x00002eca   0x00002eca   0x00000002   PAD
    0x00002ecc   0x00002ecc   0x00000064   Code   RO         1266    i.IntEnable         driverlib.lib(interrupt.o)
    0x00002f30   0x00002f30   0x0000000e   Code   RO         1269    i.IntMasterEnable   driverlib.lib(interrupt.o)
    0x00002f3e   0x00002f3e   0x0000004a   Code   RO         1386    i.SSIConfigSetExpClk  driverlib.lib(ssi.o)
    0x00002f88   0x00002f88   0x00000014   Code   RO         1390    i.SSIDataGetNonBlocking  driverlib.lib(ssi.o)
    0x00002f9c   0x00002f9c   0x00000010   Code   RO         1392    i.SSIDataPutNonBlocking  driverlib.lib(ssi.o)
    0x00002fac   0x00002fac   0x0000000a   Code   RO         1394    i.SSIEnable         driverlib.lib(ssi.o)
    0x00002fb6   0x00002fb6   0x00000002   PAD
    0x00002fb8   0x00002fb8   0x00000164   Code   RO         1533    i.SysCtlClockGet    driverlib.lib(sysctl.o)
    0x0000311c   0x0000311c   0x00000120   Code   RO         1535    i.SysCtlClockSet    driverlib.lib(sysctl.o)
    0x0000323c   0x0000323c   0x00000028   Code   RO         1564    i.SysCtlPeripheralEnable  driverlib.lib(sysctl.o)
    0x00003264   0x00003264   0x00000028   Code   RO         1964    i.__0sprintf$2      mc_w.l(printf2.o)
    0x0000328c   0x0000328c   0x0000000e   Code   RO         2207    i.__scatterload_copy  mc_w.l(handlers.o)
    0x0000329a   0x0000329a   0x00000002   Code   RO         2208    i.__scatterload_null  mc_w.l(handlers.o)
    0x0000329c   0x0000329c   0x0000000e   Code   RO         2209    i.__scatterload_zeroinit  mc_w.l(handlers.o)
    0x000032aa   0x000032aa   0x000000d6   Code   RO         1969    i._printf_core      mc_w.l(printf2.o)
    0x00003380   0x00003380   0x0000000a   Code   RO         1971    i._sputc            mc_w.l(printf2.o)
    0x0000338a   0x0000338a   0x00000002   PAD
    0x0000338c   0x0000338c   0x00000210   Data   RO          993    .constdata          driverlib.lib(gpio.o)
    0x0000359c   0x0000359c   0x0000010c   Data   RO         1282    .constdata          driverlib.lib(interrupt.o)
    0x000036a8   0x000036a8   0x000001c4   Data   RO         1585    .constdata          driverlib.lib(sysctl.o)
    0x0000386c   0x0000386c   0x00000028   Data   RO          857    .rodata.API_KEY     main.o
    0x00003894   0x00003894   0x0000000e   Data   RO          851    .rodata.BASIC_LINK  main.o
    0x000038a2   0x000038a2   0x0000000c   Data   RO          853    .rodata.CITY_ID     main.o
    0x000038ae   0x000038ae   0x0000000a   Data   RO          852    .rodata.CITY_NAME   main.o
    0x000038b8   0x000038b8   0x0000000d   Data   RO          854    .rodata.CO_ORDS_LAT  main.o
    0x000038c5   0x000038c5   0x00000006   Data   RO          855    .rodata.CO_ORDS_LONG  main.o
    0x000038cb   0x000038cb   0x00000051   Data   RO          858    .rodata.REQUEST     main.o
    0x0000391c   0x0000391c   0x00000009   Data   RO          856    .rodata.ZIP_CODE    main.o
    0x00003925   0x00003925   0x00000003   PAD
    0x00003928   0x00003928   0x00000038   Data   RO          192    .rodata._SlActionLookupTable  driver.o
    0x00003960   0x00003960   0x00000004   Data   RO           94    .rodata._SlDeviceGetCmdCtrl  device.o
    0x00003964   0x00003964   0x00000004   Data   RO          295    .rodata._SlGetHostByNameCtrl  netapp.o
    0x00003968   0x00003968   0x00000004   Data   RO          297    .rodata._SlNetAppSendTokenValueCmdCtrl  netapp.o
    0x0000396c   0x0000396c   0x00000004   Data   RO          312    .rodata._SlNetCfgSetCmdCtrl  netcfg.o
    0x00003970   0x00003970   0x00000004   Data   RO          484    .rodata._SlPolicySetCmdCtrl  wlan.o
    0x00003974   0x00003974   0x00000004   Data   RO          487    .rodata._SlProfileDelCmdCtrl  wlan.o
    0x00003978   0x00003978   0x00000004   Data   RO          405    .rodata._SlRecvCmdCtrl  socket.o
    0x0000397c   0x0000397c   0x00000004   Data   RO          293    .rodata._SlRegisterServiceCtrl  netapp.o
    0x00003980   0x00003980   0x00000004   Data   RO          402    .rodata._SlSendCmdCtrl  socket.o
    0x00003984   0x00003984   0x00000004   Data   RO          400    .rodata._SlSockCloseCmdCtrl  socket.o
    0x00003988   0x00003988   0x00000004   Data   RO          399    .rodata._SlSockSocketCmdCtrl  socket.o
    0x0000398c   0x0000398c   0x00000004   Data   RO           91    .rodata._SlStopCmdCtrl  device.o
    0x00003990   0x00003990   0x00000004   Data   RO          494    .rodata._SlWlanCfgSetCmdCtrl  wlan.o
    0x00003994   0x00003994   0x00000004   Data   RO          493    .rodata._SlWlanSetModeCmdCtrl  wlan.o
    0x00003998   0x00003998   0x00000008   Data   RO          191    .rodata.g_H2NCnysPattern  driver.o
    0x000039a0   0x000039a0   0x00000008   Data   RO          190    .rodata.g_H2NSyncPattern  driver.o
    0x000039a8   0x000039a8   0x0000000c   Data   RO          708    .rodata.g_ui32UARTInt  uartstdio.o
    0x000039b4   0x000039b4   0x0000009c   Data   RO          860    .rodata.str1.1      main.o
    0x00003a50   0x00003a50   0x00000010   Data   RO         2206    Region$$Table       anon$$obj.o


    Execution Region RW_IRAM (Exec base: 0x20000000, Load base: 0x00003a60, Size: 0x00004e70, Max: 0x00008000, ABSOLUTE)

    Exec Addr    Load Addr    Size         Type   Attr      Idx    E Section Name        Object

    0x20000000        -       0x0000001c   Zero   RW          711    .bss..L_MergedGlobals  uartstdio.o
    0x2000001c        -       0x00000034   Zero   RW          864    .bss..L_MergedGlobals  main.o
    0x20000050        -       0x00000400   Zero   RW          862    .bss.Recvbuff       main.o
    0x20000450        -       0x00000200   Zero   RW          861    .bss.SendBuff       main.o
    0x20000650        -       0x00000164   Zero   RW          193    .bss.g_StatMem      driver.o
    0x200007b4        -       0x00000028   Zero   RW          330    .bss.g__SlNonOsCB   nonos.o
    0x200007dc        -       0x00000004   Zero   RW          188    .bss.g_pCB          driver.o
    0x200007e0        -       0x00000080   Zero   RW          710    .bss.g_pcUARTRxBuffer  uartstdio.o
    0x20000860        -       0x00000400   Zero   RW          709    .bss.g_pcUARTTxBuffer  uartstdio.o
    0x20000c60        -       0x00000004   Zero   RW           26    .bss.pIrqEventHandler  board.o
    0x20000c64        -       0x00000004   Zero   RW          189    .bss.pPingCallBackFunc  driver.o
    0x20000c68        -       0x00000001   Zero   RW          850    .bss.userFinished   main.o
    0x20000c69        -       0x00000200   Zero   RW          859    .bss.userInput      main.o
    0x20000e69   0x00003a60   0x00000007   PAD
    0x20000e70        -       0x00004000   Zero   RW          435    STACK               startup_rvmdk.o


==============================================================================

Image component sizes


      Code (inc. data)   RO Data    RW Data    ZI Data      Debug   Object Name

       132         20          0          0          4       2560   board.o
       744         40          8          0          0       8265   device.o
      4168         98         72          0        364      23805   driver.o
        84          4          0          0          0        950   flowcont.o
       136         28          0          0          0       1280   led.o
      1602        396        341          0       2101      10716   main.o
       974         32         12          0          0      16757   netapp.o
        60          4          4          0          0       2507   netcfg.o
       142          4          0          0         40       2234   nonos.o
       896         64         16          0          0      18515   socket.o
       394         32          0          0          0       1853   spi.o
       648        622          0          0      16384        296   startup_rvmdk.o
       510         36         12          0       1180       8905   uartstdio.o
       574         20         16          0          0      17336   wlan.o

    ----------------------------------------------------------------------
     11080       1400        500          0      20080     115979   Object Totals
         0          0         16          0          0          0   (incl. Generated)
        16          0          3          0          7          0   (incl. Padding)

    ----------------------------------------------------------------------

      Code (inc. data)   RO Data    RW Data    ZI Data      Debug   Library Member Name

        38          0          0          0          0        504   cpu.o
        32          8          0          0          0       4992   fpu.o
       644          8        528          0          0       6811   gpio.o
       114          8        268          0          0       1774   interrupt.o
       120          0          0          0          0       2749   ssi.o
       690         64        452          0          0       3951   sysctl.o
         0          0          0          0          0          0   entry.o
         0          0          0          0          0          0   entry10a.o
         0          0          0          0          0          0   entry11a.o
         8          4          0          0          0          0   entry2.o
         4          0          0          0          0          0   entry5.o
         0          0          0          0          0          0   entry7b.o
         0          0          0          0          0          0   entry8b.o
         8          4          0          0          0          0   entry9a.o
        30          0          0          0          0          0   handlers.o
        48         10          0          0          0         68   init.o
        36          0          0          0          0         68   memcpya.o
        36          0          0          0          0        108   memseta.o
       264          6          0          0          0        244   printf2.o
        18          0          0          0          0         68   strcpy.o
        14          0          0          0          0         68   strlen.o

    ----------------------------------------------------------------------
      2116        112       1248          0          0      21405   Library Totals
        12          0          0          0          0          0   (incl. Padding)

    ----------------------------------------------------------------------

      Code (inc. data)   RO Data    RW Data    ZI Data      Debug   Library Name

      1638         88       1248          0          0      20781   driverlib.lib
       466         24          0          0          0        624   mc_w.l

    ----------------------------------------------------------------------
      2116        112       1248          0          0      21405   Library Totals

    ----------------------------------------------------------------------

==============================================================================


      Code (inc. data)   RO Data    RW Data    ZI Data      Debug   

     13196       1512       1748          0      20080     135240   Grand Totals
     13196       1512       1748          0      20080     135240   ELF Image Totals
     13196       1512       1748          0          0          0   ROM Totals

==============================================================================

    Total RO  Size (Code + RO Data)                14944 (  14.59kB)
    Total RW  Size (RW Data + ZI Data)             20080 (  19.61kB)
    Total ROM Size (Code + RO Data + RW Data)      14944 (  14.59kB)

==============================================================================

