<html>
<body>
<pre>
<h1>µVision Build Log</h1>
<h2>Tool Versions:</h2>
IDE-Version: µVision V5.43.0.0
Copyright (C) 2025 ARM Ltd and ARM Germany GmbH. All rights reserved.
License Information: Natasha Kho, CSULB, LIC=----
 
Tool Versions:
Toolchain:       MDK-Lite  Version: 5.43.0.0
Toolchain Path:  C:\Users\mavri\AppData\Local\Keil_v5\ARM\ARMCLANG\Bin
C Compiler:      ArmClang.exe V6.24
Assembler:       Armasm.exe V6.24
Linker/Locator:  ArmLink.exe V6.24
Library Manager: ArmAr.exe V6.24
Hex Converter:   FromElf.exe V6.24
CPU DLL:         SARMCM3.DLL V5.43.0.0
Dialog DLL:      DCM.DLL V1.17.5.0
Target DLL:      lmidk-agdi.dll V???
Dialog DLL:      TCM.DLL V1.56.6.0
 
<h2>Project:</h2>
C:\Users\mavri\Documents\GitHub\CECS-447\Project_4\CC3100GetWeather_4C123\getWeather.uvprojx
Project File Date:  04/08/2026

<h2>Output:</h2>
*** Using Compiler 'V6.24', folder: 'C:\Users\mavri\AppData\Local\Keil_v5\ARM\ARMCLANG\Bin'
Rebuild target 'getWeather'
compiling board.c...
compiling nonos.c...
compiling device.c...
compiling netcfg.c...
compiling LED.c...
compiling flowcont.c...
compiling spawn.c...
compiling spi.c...
compiling ustdlib.c...
compiling fs.c...
compiling wlan.c...
compiling netapp.c...
compiling socket.c...
assembling startup_rvmdk.S...
compiling uartstdio.c...
compiling driver.c...
compiling ST7735.c...
compiling uart.c...
compiling ST7735main.c...
linking...
Program Size: Code=14352 RO-data=12760 RW-data=4 ZI-data=19620  
After Build - User command #1: fromelf --bin --output .\rvmdk\cc31000_starter.bin .\rvmdk\cc31000_starter.axf
".\rvmdk\getWeather.axf" - 0 Error(s), 0 Warning(s).

<h2>Software Packages used:</h2>

Package Vendor: ARM
                https://www.keil.com/pack/ARM.CMSIS.6.2.0.pack
                ARM::CMSIS@6.2.0
                CMSIS (Common Microcontroller Software Interface Standard)
   * Component: CORE Version: 6.1.1

Package Vendor: Keil
                http://www.keil.com/pack/Keil.TM4C_DFP.1.1.0.pack
                Keil::TM4C_DFP@1.1.0
                Texas Instruments Tiva C Series Device Support and Examples

<h2>Collection of Component include folders:</h2>
  ./RTE/_getWeather
  C:/Users/mavri/AppData/Local/Arm/Packs/ARM/CMSIS/6.2.0/CMSIS/Core/Include
  C:/Users/mavri/AppData/Local/Arm/Packs/Keil/TM4C_DFP/1.1.0/Device/Include/TM4C123

<h2>Collection of Component Files used:</h2>

   * Component: ARM::CMSIS:CORE@6.1.1
Build Time Elapsed:  00:00:03
</pre>
</body>
</html>
